12:27:24 **** Build of configuration Debug for project UDP_CM4 ****
make -j16 all 
arm-none-eabi-gcc "C:/Users/Maciek/Desktop/Rozwoj/UDP_BRIDGE/UDP_BRIDGE/UDP_BRIDGE/STM32/UDP/Drivers/STM32H7xx_HAL_Driver/Src/stm32h7xx_hal.c" -mcpu=cortex-m4 -std=gnu11 -g3 -DDEBUG -DCORE_CM4 -DUSE_HAL_DRIVER -DSTM32H745xx -c -I../Core/Inc -I../../Drivers/STM32H7xx_HAL_Driver/Inc -I../../Drivers/STM32H7xx_HAL_Driver/Inc/Legacy -I../../Drivers/CMSIS/Device/ST/STM32H7xx/Include -I../../Drivers/CMSIS/Include -O0 -ffunction-sections -fdata-sections -Wall -fstack-usage -fcyclomatic-complexity -MMD -MP -MF"Drivers/STM32H7xx_HAL_Driver/stm32h7xx_hal.d" -MT"Drivers/STM32H7xx_HAL_Driver/stm32h7xx_hal.o" --specs=nano.specs -mfpu=fpv4-sp-d16 -mfloat-abi=hard -mthumb -o "Drivers/STM32H7xx_HAL_Driver/stm32h7xx_hal.o"
arm-none-eabi-gcc "C:/Users/Maciek/Desktop/Rozwoj/UDP_BRIDGE/UDP_BRIDGE/UDP_BRIDGE/STM32/UDP/Drivers/STM32H7xx_HAL_Driver/Src/stm32h7xx_hal_cortex.c" -mcpu=cortex-m4 -std=gnu11 -g3 -DDEBUG -DCORE_CM4 -DUSE_HAL_DRIVER -DSTM32H745xx -c -I../Core/Inc -I../../Drivers/STM32H7xx_HAL_Driver/Inc -I../../Drivers/STM32H7xx_HAL_Driver/Inc/Legacy -I../../Drivers/CMSIS/Device/ST/STM32H7xx/Include -I../../Drivers/CMSIS/Include -O0 -ffunction-sections -fdata-sections -Wall -fstack-usage -fcyclomatic-complexity -MMD -MP -MF"Drivers/STM32H7xx_HAL_Driver/stm32h7xx_hal_cortex.d" -MT"Drivers/STM32H7xx_HAL_Driver/stm32h7xx_hal_cortex.o" --specs=nano.specs -mfpu=fpv4-sp-d16 -mfloat-abi=hard -mthumb -o "Drivers/STM32H7xx_HAL_Driver/stm32h7xx_hal_cortex.o"
arm-none-eabi-gcc "C:/Users/Maciek/Desktop/Rozwoj/UDP_BRIDGE/UDP_BRIDGE/UDP_BRIDGE/STM32/UDP/Drivers/STM32H7xx_HAL_Driver/Src/stm32h7xx_hal_dma.c" -mcpu=cortex-m4 -std=gnu11 -g3 -DDEBUG -DCORE_CM4 -DUSE_HAL_DRIVER -DSTM32H745xx -c -I../Core/Inc -I../../Drivers/STM32H7xx_HAL_Driver/Inc -I../../Drivers/STM32H7xx_HAL_Driver/Inc/Legacy -I../../Drivers/CMSIS/Device/ST/STM32H7xx/Include -I../../Drivers/CMSIS/Include -O0 -ffunction-sections -fdata-sections -Wall -fstack-usage -fcyclomatic-complexity -MMD -MP -MF"Drivers/STM32H7xx_HAL_Driver/stm32h7xx_hal_dma.d" -MT"Drivers/STM32H7xx_HAL_Driver/stm32h7xx_hal_dma.o" --specs=nano.specs -mfpu=fpv4-sp-d16 -mfloat-abi=hard -mthumb -o "Drivers/STM32H7xx_HAL_Driver/stm32h7xx_hal_dma.o"
arm-none-eabi-gcc "C:/Users/Maciek/Desktop/Rozwoj/UDP_BRIDGE/UDP_BRIDGE/UDP_BRIDGE/STM32/UDP/Drivers/STM32H7xx_HAL_Driver/Src/stm32h7xx_hal_dma_ex.c" -mcpu=cortex-m4 -std=gnu11 -g3 -DDEBUG -DCORE_CM4 -DUSE_HAL_DRIVER -DSTM32H745xx -c -I../Core/Inc -I../../Drivers/STM32H7xx_HAL_Driver/Inc -I../../Drivers/STM32H7xx_HAL_Driver/Inc/Legacy -I../../Drivers/CMSIS/Device/ST/STM32H7xx/Include -I../../Drivers/CMSIS/Include -O0 -ffunction-sections -fdata-sections -Wall -fstack-usage -fcyclomatic-complexity -MMD -MP -MF"Drivers/STM32H7xx_HAL_Driver/stm32h7xx_hal_dma_ex.d" -MT"Drivers/STM32H7xx_HAL_Driver/stm32h7xx_hal_dma_ex.o" --specs=nano.specs -mfpu=fpv4-sp-d16 -mfloat-abi=hard -mthumb -o "Drivers/STM32H7xx_HAL_Driver/stm32h7xx_hal_dma_ex.o"
arm-none-eabi-gcc "C:/Users/Maciek/Desktop/Rozwoj/UDP_BRIDGE/UDP_BRIDGE/UDP_BRIDGE/STM32/UDP/Drivers/STM32H7xx_HAL_Driver/Src/stm32h7xx_hal_exti.c" -mcpu=cortex-m4 -std=gnu11 -g3 -DDEBUG -DCORE_CM4 -DUSE_HAL_DRIVER -DSTM32H745xx -c -I../Core/Inc -I../../Drivers/STM32H7xx_HAL_Driver/Inc -I../../Drivers/STM32H7xx_HAL_Driver/Inc/Legacy -I../../Drivers/CMSIS/Device/ST/STM32H7xx/Include -I../../Drivers/CMSIS/Include -O0 -ffunction-sections -fdata-sections -Wall -fstack-usage -fcyclomatic-complexity -MMD -MP -MF"Drivers/STM32H7xx_HAL_Driver/stm32h7xx_hal_exti.d" -MT"Drivers/STM32H7xx_HAL_Driver/stm32h7xx_hal_exti.o" --specs=nano.specs -mfpu=fpv4-sp-d16 -mfloat-abi=hard -mthumb -o "Drivers/STM32H7xx_HAL_Driver/stm32h7xx_hal_exti.o"
arm-none-eabi-gcc "C:/Users/Maciek/Desktop/Rozwoj/UDP_BRIDGE/UDP_BRIDGE/UDP_BRIDGE/STM32/UDP/Drivers/STM32H7xx_HAL_Driver/Src/stm32h7xx_hal_flash.c" -mcpu=cortex-m4 -std=gnu11 -g3 -DDEBUG -DCORE_CM4 -DUSE_HAL_DRIVER -DSTM32H745xx -c -I../Core/Inc -I../../Drivers/STM32H7xx_HAL_Driver/Inc -I../../Drivers/STM32H7xx_HAL_Driver/Inc/Legacy -I../../Drivers/CMSIS/Device/ST/STM32H7xx/Include -I../../Drivers/CMSIS/Include -O0 -ffunction-sections -fdata-sections -Wall -fstack-usage -fcyclomatic-complexity -MMD -MP -MF"Drivers/STM32H7xx_HAL_Driver/stm32h7xx_hal_flash.d" -MT"Drivers/STM32H7xx_HAL_Driver/stm32h7xx_hal_flash.o" --specs=nano.specs -mfpu=fpv4-sp-d16 -mfloat-abi=hard -mthumb -o "Drivers/STM32H7xx_HAL_Driver/stm32h7xx_hal_flash.o"
arm-none-eabi-gcc "C:/Users/Maciek/Desktop/Rozwoj/UDP_BRIDGE/UDP_BRIDGE/UDP_BRIDGE/STM32/UDP/Drivers/STM32H7xx_HAL_Driver/Src/stm32h7xx_hal_flash_ex.c" -mcpu=cortex-m4 -std=gnu11 -g3 -DDEBUG -DCORE_CM4 -DUSE_HAL_DRIVER -DSTM32H745xx -c -I../Core/Inc -I../../Drivers/STM32H7xx_HAL_Driver/Inc -I../../Drivers/STM32H7xx_HAL_Driver/Inc/Legacy -I../../Drivers/CMSIS/Device/ST/STM32H7xx/Include -I../../Drivers/CMSIS/Include -O0 -ffunction-sections -fdata-sections -Wall -fstack-usage -fcyclomatic-complexity -MMD -MP -MF"Drivers/STM32H7xx_HAL_Driver/stm32h7xx_hal_flash_ex.d" -MT"Drivers/STM32H7xx_HAL_Driver/stm32h7xx_hal_flash_ex.o" --specs=nano.specs -mfpu=fpv4-sp-d16 -mfloat-abi=hard -mthumb -o "Drivers/STM32H7xx_HAL_Driver/stm32h7xx_hal_flash_ex.o"
arm-none-eabi-gcc "C:/Users/Maciek/Desktop/Rozwoj/UDP_BRIDGE/UDP_BRIDGE/UDP_BRIDGE/STM32/UDP/Drivers/STM32H7xx_HAL_Driver/Src/stm32h7xx_hal_gpio.c" -mcpu=cortex-m4 -std=gnu11 -g3 -DDEBUG -DCORE_CM4 -DUSE_HAL_DRIVER -DSTM32H745xx -c -I../Core/Inc -I../../Drivers/STM32H7xx_HAL_Driver/Inc -I../../Drivers/STM32H7xx_HAL_Driver/Inc/Legacy -I../../Drivers/CMSIS/Device/ST/STM32H7xx/Include -I../../Drivers/CMSIS/Include -O0 -ffunction-sections -fdata-sections -Wall -fstack-usage -fcyclomatic-complexity -MMD -MP -MF"Drivers/STM32H7xx_HAL_Driver/stm32h7xx_hal_gpio.d" -MT"Drivers/STM32H7xx_HAL_Driver/stm32h7xx_hal_gpio.o" --specs=nano.specs -mfpu=fpv4-sp-d16 -mfloat-abi=hard -mthumb -o "Drivers/STM32H7xx_HAL_Driver/stm32h7xx_hal_gpio.o"
arm-none-eabi-gcc "C:/Users/Maciek/Desktop/Rozwoj/UDP_BRIDGE/UDP_BRIDGE/UDP_BRIDGE/STM32/UDP/Drivers/STM32H7xx_HAL_Driver/Src/stm32h7xx_hal_hsem.c" -mcpu=cortex-m4 -std=gnu11 -g3 -DDEBUG -DCORE_CM4 -DUSE_HAL_DRIVER -DSTM32H745xx -c -I../Core/Inc -I../../Drivers/STM32H7xx_HAL_Driver/Inc -I../../Drivers/STM32H7xx_HAL_Driver/Inc/Legacy -I../../Drivers/CMSIS/Device/ST/STM32H7xx/Include -I../../Drivers/CMSIS/Include -O0 -ffunction-sections -fdata-sections -Wall -fstack-usage -fcyclomatic-complexity -MMD -MP -MF"Drivers/STM32H7xx_HAL_Driver/stm32h7xx_hal_hsem.d" -MT"Drivers/STM32H7xx_HAL_Driver/stm32h7xx_hal_hsem.o" --specs=nano.specs -mfpu=fpv4-sp-d16 -mfloat-abi=hard -mthumb -o "Drivers/STM32H7xx_HAL_Driver/stm32h7xx_hal_hsem.o"
arm-none-eabi-gcc "C:/Users/Maciek/Desktop/Rozwoj/UDP_BRIDGE/UDP_BRIDGE/UDP_BRIDGE/STM32/UDP/Drivers/STM32H7xx_HAL_Driver/Src/stm32h7xx_hal_i2c.c" -mcpu=cortex-m4 -std=gnu11 -g3 -DDEBUG -DCORE_CM4 -DUSE_HAL_DRIVER -DSTM32H745xx -c -I../Core/Inc -I../../Drivers/STM32H7xx_HAL_Driver/Inc -I../../Drivers/STM32H7xx_HAL_Driver/Inc/Legacy -I../../Drivers/CMSIS/Device/ST/STM32H7xx/Include -I../../Drivers/CMSIS/Include -O0 -ffunction-sections -fdata-sections -Wall -fstack-usage -fcyclomatic-complexity -MMD -MP -MF"Drivers/STM32H7xx_HAL_Driver/stm32h7xx_hal_i2c.d" -MT"Drivers/STM32H7xx_HAL_Driver/stm32h7xx_hal_i2c.o" --specs=nano.specs -mfpu=fpv4-sp-d16 -mfloat-abi=hard -mthumb -o "Drivers/STM32H7xx_HAL_Driver/stm32h7xx_hal_i2c.o"
arm-none-eabi-gcc "C:/Users/Maciek/Desktop/Rozwoj/UDP_BRIDGE/UDP_BRIDGE/UDP_BRIDGE/STM32/UDP/Drivers/STM32H7xx_HAL_Driver/Src/stm32h7xx_hal_i2c_ex.c" -mcpu=cortex-m4 -std=gnu11 -g3 -DDEBUG -DCORE_CM4 -DUSE_HAL_DRIVER -DSTM32H745xx -c -I../Core/Inc -I../../Drivers/STM32H7xx_HAL_Driver/Inc -I../../Drivers/STM32H7xx_HAL_Driver/Inc/Legacy -I../../Drivers/CMSIS/Device/ST/STM32H7xx/Include -I../../Drivers/CMSIS/Include -O0 -ffunction-sections -fdata-sections -Wall -fstack-usage -fcyclomatic-complexity -MMD -MP -MF"Drivers/STM32H7xx_HAL_Driver/stm32h7xx_hal_i2c_ex.d" -MT"Drivers/STM32H7xx_HAL_Driver/stm32h7xx_hal_i2c_ex.o" --specs=nano.specs -mfpu=fpv4-sp-d16 -mfloat-abi=hard -mthumb -o "Drivers/STM32H7xx_HAL_Driver/stm32h7xx_hal_i2c_ex.o"
arm-none-eabi-gcc "C:/Users/Maciek/Desktop/Rozwoj/UDP_BRIDGE/UDP_BRIDGE/UDP_BRIDGE/STM32/UDP/Drivers/STM32H7xx_HAL_Driver/Src/stm32h7xx_hal_mdma.c" -mcpu=cortex-m4 -std=gnu11 -g3 -DDEBUG -DCORE_CM4 -DUSE_HAL_DRIVER -DSTM32H745xx -c -I../Core/Inc -I../../Drivers/STM32H7xx_HAL_Driver/Inc -I../../Drivers/STM32H7xx_HAL_Driver/Inc/Legacy -I../../Drivers/CMSIS/Device/ST/STM32H7xx/Include -I../../Drivers/CMSIS/Include -O0 -ffunction-sections -fdata-sections -Wall -fstack-usage -fcyclomatic-complexity -MMD -MP -MF"Drivers/STM32H7xx_HAL_Driver/stm32h7xx_hal_mdma.d" -MT"Drivers/STM32H7xx_HAL_Driver/stm32h7xx_hal_mdma.o" --specs=nano.specs -mfpu=fpv4-sp-d16 -mfloat-abi=hard -mthumb -o "Drivers/STM32H7xx_HAL_Driver/stm32h7xx_hal_mdma.o"
arm-none-eabi-gcc "C:/Users/Maciek/Desktop/Rozwoj/UDP_BRIDGE/UDP_BRIDGE/UDP_BRIDGE/STM32/UDP/Drivers/STM32H7xx_HAL_Driver/Src/stm32h7xx_hal_pwr.c" -mcpu=cortex-m4 -std=gnu11 -g3 -DDEBUG -DCORE_CM4 -DUSE_HAL_DRIVER -DSTM32H745xx -c -I../Core/Inc -I../../Drivers/STM32H7xx_HAL_Driver/Inc -I../../Drivers/STM32H7xx_HAL_Driver/Inc/Legacy -I../../Drivers/CMSIS/Device/ST/STM32H7xx/Include -I../../Drivers/CMSIS/Include -O0 -ffunction-sections -fdata-sections -Wall -fstack-usage -fcyclomatic-complexity -MMD -MP -MF"Drivers/STM32H7xx_HAL_Driver/stm32h7xx_hal_pwr.d" -MT"Drivers/STM32H7xx_HAL_Driver/stm32h7xx_hal_pwr.o" --specs=nano.specs -mfpu=fpv4-sp-d16 -mfloat-abi=hard -mthumb -o "Drivers/STM32H7xx_HAL_Driver/stm32h7xx_hal_pwr.o"
arm-none-eabi-gcc "C:/Users/Maciek/Desktop/Rozwoj/UDP_BRIDGE/UDP_BRIDGE/UDP_BRIDGE/STM32/UDP/Drivers/STM32H7xx_HAL_Driver/Src/stm32h7xx_hal_pwr_ex.c" -mcpu=cortex-m4 -std=gnu11 -g3 -DDEBUG -DCORE_CM4 -DUSE_HAL_DRIVER -DSTM32H745xx -c -I../Core/Inc -I../../Drivers/STM32H7xx_HAL_Driver/Inc -I../../Drivers/STM32H7xx_HAL_Driver/Inc/Legacy -I../../Drivers/CMSIS/Device/ST/STM32H7xx/Include -I../../Drivers/CMSIS/Include -O0 -ffunction-sections -fdata-sections -Wall -fstack-usage -fcyclomatic-complexity -MMD -MP -MF"Drivers/STM32H7xx_HAL_Driver/stm32h7xx_hal_pwr_ex.d" -MT"Drivers/STM32H7xx_HAL_Driver/stm32h7xx_hal_pwr_ex.o" --specs=nano.specs -mfpu=fpv4-sp-d16 -mfloat-abi=hard -mthumb -o "Drivers/STM32H7xx_HAL_Driver/stm32h7xx_hal_pwr_ex.o"
arm-none-eabi-gcc "C:/Users/Maciek/Desktop/Rozwoj/UDP_BRIDGE/UDP_BRIDGE/UDP_BRIDGE/STM32/UDP/Drivers/STM32H7xx_HAL_Driver/Src/stm32h7xx_hal_rcc.c" -mcpu=cortex-m4 -std=gnu11 -g3 -DDEBUG -DCORE_CM4 -DUSE_HAL_DRIVER -DSTM32H745xx -c -I../Core/Inc -I../../Drivers/STM32H7xx_HAL_Driver/Inc -I../../Drivers/STM32H7xx_HAL_Driver/Inc/Legacy -I../../Drivers/CMSIS/Device/ST/STM32H7xx/Include -I../../Drivers/CMSIS/Include -O0 -ffunction-sections -fdata-sections -Wall -fstack-usage -fcyclomatic-complexity -MMD -MP -MF"Drivers/STM32H7xx_HAL_Driver/stm32h7xx_hal_rcc.d" -MT"Drivers/STM32H7xx_HAL_Driver/stm32h7xx_hal_rcc.o" --specs=nano.specs -mfpu=fpv4-sp-d16 -mfloat-abi=hard -mthumb -o "Drivers/STM32H7xx_HAL_Driver/stm32h7xx_hal_rcc.o"
arm-none-eabi-gcc "C:/Users/Maciek/Desktop/Rozwoj/UDP_BRIDGE/UDP_BRIDGE/UDP_BRIDGE/STM32/UDP/Drivers/STM32H7xx_HAL_Driver/Src/stm32h7xx_hal_rcc_ex.c" -mcpu=cortex-m4 -std=gnu11 -g3 -DDEBUG -DCORE_CM4 -DUSE_HAL_DRIVER -DSTM32H745xx -c -I../Core/Inc -I../../Drivers/STM32H7xx_HAL_Driver/Inc -I../../Drivers/STM32H7xx_HAL_Driver/Inc/Legacy -I../../Drivers/CMSIS/Device/ST/STM32H7xx/Include -I../../Drivers/CMSIS/Include -O0 -ffunction-sections -fdata-sections -Wall -fstack-usage -fcyclomatic-complexity -MMD -MP -MF"Drivers/STM32H7xx_HAL_Driver/stm32h7xx_hal_rcc_ex.d" -MT"Drivers/STM32H7xx_HAL_Driver/stm32h7xx_hal_rcc_ex.o" --specs=nano.specs -mfpu=fpv4-sp-d16 -mfloat-abi=hard -mthumb -o "Drivers/STM32H7xx_HAL_Driver/stm32h7xx_hal_rcc_ex.o"
arm-none-eabi-gcc "C:/Users/Maciek/Desktop/Rozwoj/UDP_BRIDGE/UDP_BRIDGE/UDP_BRIDGE/STM32/UDP/Drivers/STM32H7xx_HAL_Driver/Src/stm32h7xx_hal_tim.c" -mcpu=cortex-m4 -std=gnu11 -g3 -DDEBUG -DCORE_CM4 -DUSE_HAL_DRIVER -DSTM32H745xx -c -I../Core/Inc -I../../Drivers/STM32H7xx_HAL_Driver/Inc -I../../Drivers/STM32H7xx_HAL_Driver/Inc/Legacy -I../../Drivers/CMSIS/Device/ST/STM32H7xx/Include -I../../Drivers/CMSIS/Include -O0 -ffunction-sections -fdata-sections -Wall -fstack-usage -fcyclomatic-complexity -MMD -MP -MF"Drivers/STM32H7xx_HAL_Driver/stm32h7xx_hal_tim.d" -MT"Drivers/STM32H7xx_HAL_Driver/stm32h7xx_hal_tim.o" --specs=nano.specs -mfpu=fpv4-sp-d16 -mfloat-abi=hard -mthumb -o "Drivers/STM32H7xx_HAL_Driver/stm32h7xx_hal_tim.o"
arm-none-eabi-gcc "C:/Users/Maciek/Desktop/Rozwoj/UDP_BRIDGE/UDP_BRIDGE/UDP_BRIDGE/STM32/UDP/Drivers/STM32H7xx_HAL_Driver/Src/stm32h7xx_hal_tim_ex.c" -mcpu=cortex-m4 -std=gnu11 -g3 -DDEBUG -DCORE_CM4 -DUSE_HAL_DRIVER -DSTM32H745xx -c -I../Core/Inc -I../../Drivers/STM32H7xx_HAL_Driver/Inc -I../../Drivers/STM32H7xx_HAL_Driver/Inc/Legacy -I../../Drivers/CMSIS/Device/ST/STM32H7xx/Include -I../../Drivers/CMSIS/Include -O0 -ffunction-sections -fdata-sections -Wall -fstack-usage -fcyclomatic-complexity -MMD -MP -MF"Drivers/STM32H7xx_HAL_Driver/stm32h7xx_hal_tim_ex.d" -MT"Drivers/STM32H7xx_HAL_Driver/stm32h7xx_hal_tim_ex.o" --specs=nano.specs -mfpu=fpv4-sp-d16 -mfloat-abi=hard -mthumb -o "Drivers/STM32H7xx_HAL_Driver/stm32h7xx_hal_tim_ex.o"
arm-none-eabi-gcc -mcpu=cortex-m4 -g3 -DDEBUG -c -x assembler-with-cpp -MMD -MP -MF"Core/Startup/startup_stm32h745zitx.d" -MT"Core/Startup/startup_stm32h745zitx.o" --specs=nano.specs -mfpu=fpv4-sp-d16 -mfloat-abi=hard -mthumb -o "Core/Startup/startup_stm32h745zitx.o" "../Core/Startup/startup_stm32h745zitx.s"
arm-none-eabi-gcc "../Core/Src/main.c" -mcpu=cortex-m4 -std=gnu11 -g3 -DDEBUG -DCORE_CM4 -DUSE_HAL_DRIVER -DSTM32H745xx -c -I../Core/Inc -I../../Drivers/STM32H7xx_HAL_Driver/Inc -I../../Drivers/STM32H7xx_HAL_Driver/Inc/Legacy -I../../Drivers/CMSIS/Device/ST/STM32H7xx/Include -I../../Drivers/CMSIS/Include -O0 -ffunction-sections -fdata-sections -Wall -fstack-usage -fcyclomatic-complexity -MMD -MP -MF"Core/Src/main.d" -MT"Core/Src/main.o" --specs=nano.specs -mfpu=fpv4-sp-d16 -mfloat-abi=hard -mthumb -o "Core/Src/main.o"
arm-none-eabi-gcc "../Core/Src/stm32h7xx_hal_msp.c" -mcpu=cortex-m4 -std=gnu11 -g3 -DDEBUG -DCORE_CM4 -DUSE_HAL_DRIVER -DSTM32H745xx -c -I../Core/Inc -I../../Drivers/STM32H7xx_HAL_Driver/Inc -I../../Drivers/STM32H7xx_HAL_Driver/Inc/Legacy -I../../Drivers/CMSIS/Device/ST/STM32H7xx/Include -I../../Drivers/CMSIS/Include -O0 -ffunction-sections -fdata-sections -Wall -fstack-usage -fcyclomatic-complexity -MMD -MP -MF"Core/Src/stm32h7xx_hal_msp.d" -MT"Core/Src/stm32h7xx_hal_msp.o" --specs=nano.specs -mfpu=fpv4-sp-d16 -mfloat-abi=hard -mthumb -o "Core/Src/stm32h7xx_hal_msp.o"
arm-none-eabi-gcc "../Core/Src/stm32h7xx_it.c" -mcpu=cortex-m4 -std=gnu11 -g3 -DDEBUG -DCORE_CM4 -DUSE_HAL_DRIVER -DSTM32H745xx -c -I../Core/Inc -I../../Drivers/STM32H7xx_HAL_Driver/Inc -I../../Drivers/STM32H7xx_HAL_Driver/Inc/Legacy -I../../Drivers/CMSIS/Device/ST/STM32H7xx/Include -I../../Drivers/CMSIS/Include -O0 -ffunction-sections -fdata-sections -Wall -fstack-usage -fcyclomatic-complexity -MMD -MP -MF"Core/Src/stm32h7xx_it.d" -MT"Core/Src/stm32h7xx_it.o" --specs=nano.specs -mfpu=fpv4-sp-d16 -mfloat-abi=hard -mthumb -o "Core/Src/stm32h7xx_it.o"
arm-none-eabi-gcc "../Core/Src/syscalls.c" -mcpu=cortex-m4 -std=gnu11 -g3 -DDEBUG -DCORE_CM4 -DUSE_HAL_DRIVER -DSTM32H745xx -c -I../Core/Inc -I../../Drivers/STM32H7xx_HAL_Driver/Inc -I../../Drivers/STM32H7xx_HAL_Driver/Inc/Legacy -I../../Drivers/CMSIS/Device/ST/STM32H7xx/Include -I../../Drivers/CMSIS/Include -O0 -ffunction-sections -fdata-sections -Wall -fstack-usage -fcyclomatic-complexity -MMD -MP -MF"Core/Src/syscalls.d" -MT"Core/Src/syscalls.o" --specs=nano.specs -mfpu=fpv4-sp-d16 -mfloat-abi=hard -mthumb -o "Core/Src/syscalls.o"
arm-none-eabi-gcc "../Core/Src/sysmem.c" -mcpu=cortex-m4 -std=gnu11 -g3 -DDEBUG -DCORE_CM4 -DUSE_HAL_DRIVER -DSTM32H745xx -c -I../Core/Inc -I../../Drivers/STM32H7xx_HAL_Driver/Inc -I../../Drivers/STM32H7xx_HAL_Driver/Inc/Legacy -I../../Drivers/CMSIS/Device/ST/STM32H7xx/Include -I../../Drivers/CMSIS/Include -O0 -ffunction-sections -fdata-sections -Wall -fstack-usage -fcyclomatic-complexity -MMD -MP -MF"Core/Src/sysmem.d" -MT"Core/Src/sysmem.o" --specs=nano.specs -mfpu=fpv4-sp-d16 -mfloat-abi=hard -mthumb -o "Core/Src/sysmem.o"
arm-none-eabi-gcc "C:/Users/Maciek/Desktop/Rozwoj/UDP_BRIDGE/UDP_BRIDGE/UDP_BRIDGE/STM32/UDP/Common/Src/system_stm32h7xx_dualcore_boot_cm4_cm7.c" -mcpu=cortex-m4 -std=gnu11 -g3 -DDEBUG -DCORE_CM4 -DUSE_HAL_DRIVER -DSTM32H745xx -c -I../Core/Inc -I../../Drivers/STM32H7xx_HAL_Driver/Inc -I../../Drivers/STM32H7xx_HAL_Driver/Inc/Legacy -I../../Drivers/CMSIS/Device/ST/STM32H7xx/Include -I../../Drivers/CMSIS/Include -O0 -ffunction-sections -fdata-sections -Wall -fstack-usage -fcyclomatic-complexity -MMD -MP -MF"Common/Src/system_stm32h7xx_dualcore_boot_cm4_cm7.d" -MT"Common/Src/system_stm32h7xx_dualcore_boot_cm4_cm7.o" --specs=nano.specs -mfpu=fpv4-sp-d16 -mfloat-abi=hard -mthumb -o "Common/Src/system_stm32h7xx_dualcore_boot_cm4_cm7.o"
arm-none-eabi-gcc -o "UDP_CM4.elf" @"objects.list"   -mcpu=cortex-m4 -T"C:\Users\Maciek\Desktop\Rozwoj\UDP_BRIDGE\UDP_BRIDGE\UDP_BRIDGE\STM32\UDP\CM4\STM32H745ZITX_FLASH.ld" --specs=nosys.specs -Wl,-Map="UDP_CM4.map" -Wl,--gc-sections -static --specs=nano.specs -mfpu=fpv4-sp-d16 -mfloat-abi=hard -mthumb -Wl,--start-group -lc -lm -Wl,--end-group
Finished building target: UDP_CM4.elf
 
arm-none-eabi-size   UDP_CM4.elf 
arm-none-eabi-objdump -h -S  UDP_CM4.elf  > "UDP_CM4.list"
   text	   data	    bss	    dec	    hex	filename
   3128	     24	   1568	   4720	   1270	UDP_CM4.elf
Finished building: default.size.stdout
 
Finished building: UDP_CM4.list
 
12:27:27 **** Build of configuration Debug for project UDP_CM7 ****
make -j16 all 
arm-none-eabi-gcc "C:/Users/Maciek/Desktop/Rozwoj/UDP_BRIDGE/UDP_BRIDGE/UDP_BRIDGE/STM32/UDP/Middlewares/Third_Party/LwIP/src/core/altcp.c" -mcpu=cortex-m7 -std=gnu11 -g3 -DDEBUG -DCORE_CM7 -DUSE_HAL_DRIVER -DSTM32H745xx -c -I../Core/Inc -I../../Drivers/STM32H7xx_HAL_Driver/Inc -I../../Drivers/STM32H7xx_HAL_Driver/Inc/Legacy -I../../Drivers/CMSIS/Device/ST/STM32H7xx/Include -I../../Drivers/CMSIS/Include -I../LWIP/App -I../LWIP/Target -I../../Middlewares/Third_Party/LwIP/src/include -I../../Middlewares/Third_Party/LwIP/system -I../../Drivers/BSP/Components/lan8742 -I../../Middlewares/Third_Party/LwIP/src/include/netif/ppp -I../../Middlewares/Third_Party/LwIP/src/include/lwip -I../../Middlewares/Third_Party/LwIP/src/include/lwip/apps -I../../Middlewares/Third_Party/LwIP/src/include/lwip/priv -I../../Middlewares/Third_Party/LwIP/src/include/lwip/prot -I../../Middlewares/Third_Party/LwIP/src/include/netif -I../../Middlewares/Third_Party/LwIP/src/include/compat/posix -I../../Middlewares/Third_Party/LwIP/src/include/compat/posix/arpa -I../../Middlewares/Third_Party/LwIP/src/include/compat/posix/net -I../../Middlewares/Third_Party/LwIP/src/include/compat/posix/sys -I../../Middlewares/Third_Party/LwIP/src/include/compat/stdc -I../../Middlewares/Third_Party/LwIP/system/arch -O0 -ffunction-sections -fdata-sections -Wall -fstack-usage -fcyclomatic-complexity -MMD -MP -MF"Middlewares/Third_Party/LwIP/altcp.d" -MT"Middlewares/Third_Party/LwIP/altcp.o" --specs=nano.specs -mfpu=fpv5-d16 -mfloat-abi=hard -mthumb -o "Middlewares/Third_Party/LwIP/altcp.o"
arm-none-eabi-gcc "C:/Users/Maciek/Desktop/Rozwoj/UDP_BRIDGE/UDP_BRIDGE/UDP_BRIDGE/STM32/UDP/Middlewares/Third_Party/LwIP/src/core/altcp_alloc.c" -mcpu=cortex-m7 -std=gnu11 -g3 -DDEBUG -DCORE_CM7 -DUSE_HAL_DRIVER -DSTM32H745xx -c -I../Core/Inc -I../../Drivers/STM32H7xx_HAL_Driver/Inc -I../../Drivers/STM32H7xx_HAL_Driver/Inc/Legacy -I../../Drivers/CMSIS/Device/ST/STM32H7xx/Include -I../../Drivers/CMSIS/Include -I../LWIP/App -I../LWIP/Target -I../../Middlewares/Third_Party/LwIP/src/include -I../../Middlewares/Third_Party/LwIP/system -I../../Drivers/BSP/Components/lan8742 -I../../Middlewares/Third_Party/LwIP/src/include/netif/ppp -I../../Middlewares/Third_Party/LwIP/src/include/lwip -I../../Middlewares/Third_Party/LwIP/src/include/lwip/apps -I../../Middlewares/Third_Party/LwIP/src/include/lwip/priv -I../../Middlewares/Third_Party/LwIP/src/include/lwip/prot -I../../Middlewares/Third_Party/LwIP/src/include/netif -I../../Middlewares/Third_Party/LwIP/src/include/compat/posix -I../../Middlewares/Third_Party/LwIP/src/include/compat/posix/arpa -I../../Middlewares/Third_Party/LwIP/src/include/compat/posix/net -I../../Middlewares/Third_Party/LwIP/src/include/compat/posix/sys -I../../Middlewares/Third_Party/LwIP/src/include/compat/stdc -I../../Middlewares/Third_Party/LwIP/system/arch -O0 -ffunction-sections -fdata-sections -Wall -fstack-usage -fcyclomatic-complexity -MMD -MP -MF"Middlewares/Third_Party/LwIP/altcp_alloc.d" -MT"Middlewares/Third_Party/LwIP/altcp_alloc.o" --specs=nano.specs -mfpu=fpv5-d16 -mfloat-abi=hard -mthumb -o "Middlewares/Third_Party/LwIP/altcp_alloc.o"
arm-none-eabi-gcc "C:/Users/Maciek/Desktop/Rozwoj/UDP_BRIDGE/UDP_BRIDGE/UDP_BRIDGE/STM32/UDP/Middlewares/Third_Party/LwIP/src/core/altcp_tcp.c" -mcpu=cortex-m7 -std=gnu11 -g3 -DDEBUG -DCORE_CM7 -DUSE_HAL_DRIVER -DSTM32H745xx -c -I../Core/Inc -I../../Drivers/STM32H7xx_HAL_Driver/Inc -I../../Drivers/STM32H7xx_HAL_Driver/Inc/Legacy -I../../Drivers/CMSIS/Device/ST/STM32H7xx/Include -I../../Drivers/CMSIS/Include -I../LWIP/App -I../LWIP/Target -I../../Middlewares/Third_Party/LwIP/src/include -I../../Middlewares/Third_Party/LwIP/system -I../../Drivers/BSP/Components/lan8742 -I../../Middlewares/Third_Party/LwIP/src/include/netif/ppp -I../../Middlewares/Third_Party/LwIP/src/include/lwip -I../../Middlewares/Third_Party/LwIP/src/include/lwip/apps -I../../Middlewares/Third_Party/LwIP/src/include/lwip/priv -I../../Middlewares/Third_Party/LwIP/src/include/lwip/prot -I../../Middlewares/Third_Party/LwIP/src/include/netif -I../../Middlewares/Third_Party/LwIP/src/include/compat/posix -I../../Middlewares/Third_Party/LwIP/src/include/compat/posix/arpa -I../../Middlewares/Third_Party/LwIP/src/include/compat/posix/net -I../../Middlewares/Third_Party/LwIP/src/include/compat/posix/sys -I../../Middlewares/Third_Party/LwIP/src/include/compat/stdc -I../../Middlewares/Third_Party/LwIP/system/arch -O0 -ffunction-sections -fdata-sections -Wall -fstack-usage -fcyclomatic-complexity -MMD -MP -MF"Middlewares/Third_Party/LwIP/altcp_tcp.d" -MT"Middlewares/Third_Party/LwIP/altcp_tcp.o" --specs=nano.specs -mfpu=fpv5-d16 -mfloat-abi=hard -mthumb -o "Middlewares/Third_Party/LwIP/altcp_tcp.o"
arm-none-eabi-gcc "C:/Users/Maciek/Desktop/Rozwoj/UDP_BRIDGE/UDP_BRIDGE/UDP_BRIDGE/STM32/UDP/Middlewares/Third_Party/LwIP/src/api/api_lib.c" -mcpu=cortex-m7 -std=gnu11 -g3 -DDEBUG -DCORE_CM7 -DUSE_HAL_DRIVER -DSTM32H745xx -c -I../Core/Inc -I../../Drivers/STM32H7xx_HAL_Driver/Inc -I../../Drivers/STM32H7xx_HAL_Driver/Inc/Legacy -I../../Drivers/CMSIS/Device/ST/STM32H7xx/Include -I../../Drivers/CMSIS/Include -I../LWIP/App -I../LWIP/Target -I../../Middlewares/Third_Party/LwIP/src/include -I../../Middlewares/Third_Party/LwIP/system -I../../Drivers/BSP/Components/lan8742 -I../../Middlewares/Third_Party/LwIP/src/include/netif/ppp -I../../Middlewares/Third_Party/LwIP/src/include/lwip -I../../Middlewares/Third_Party/LwIP/src/include/lwip/apps -I../../Middlewares/Third_Party/LwIP/src/include/lwip/priv -I../../Middlewares/Third_Party/LwIP/src/include/lwip/prot -I../../Middlewares/Third_Party/LwIP/src/include/netif -I../../Middlewares/Third_Party/LwIP/src/include/compat/posix -I../../Middlewares/Third_Party/LwIP/src/include/compat/posix/arpa -I../../Middlewares/Third_Party/LwIP/src/include/compat/posix/net -I../../Middlewares/Third_Party/LwIP/src/include/compat/posix/sys -I../../Middlewares/Third_Party/LwIP/src/include/compat/stdc -I../../Middlewares/Third_Party/LwIP/system/arch -O0 -ffunction-sections -fdata-sections -Wall -fstack-usage -fcyclomatic-complexity -MMD -MP -MF"Middlewares/Third_Party/LwIP/api_lib.d" -MT"Middlewares/Third_Party/LwIP/api_lib.o" --specs=nano.specs -mfpu=fpv5-d16 -mfloat-abi=hard -mthumb -o "Middlewares/Third_Party/LwIP/api_lib.o"
arm-none-eabi-gcc "C:/Users/Maciek/Desktop/Rozwoj/UDP_BRIDGE/UDP_BRIDGE/UDP_BRIDGE/STM32/UDP/Middlewares/Third_Party/LwIP/src/api/api_msg.c" -mcpu=cortex-m7 -std=gnu11 -g3 -DDEBUG -DCORE_CM7 -DUSE_HAL_DRIVER -DSTM32H745xx -c -I../Core/Inc -I../../Drivers/STM32H7xx_HAL_Driver/Inc -I../../Drivers/STM32H7xx_HAL_Driver/Inc/Legacy -I../../Drivers/CMSIS/Device/ST/STM32H7xx/Include -I../../Drivers/CMSIS/Include -I../LWIP/App -I../LWIP/Target -I../../Middlewares/Third_Party/LwIP/src/include -I../../Middlewares/Third_Party/LwIP/system -I../../Drivers/BSP/Components/lan8742 -I../../Middlewares/Third_Party/LwIP/src/include/netif/ppp -I../../Middlewares/Third_Party/LwIP/src/include/lwip -I../../Middlewares/Third_Party/LwIP/src/include/lwip/apps -I../../Middlewares/Third_Party/LwIP/src/include/lwip/priv -I../../Middlewares/Third_Party/LwIP/src/include/lwip/prot -I../../Middlewares/Third_Party/LwIP/src/include/netif -I../../Middlewares/Third_Party/LwIP/src/include/compat/posix -I../../Middlewares/Third_Party/LwIP/src/include/compat/posix/arpa -I../../Middlewares/Third_Party/LwIP/src/include/compat/posix/net -I../../Middlewares/Third_Party/LwIP/src/include/compat/posix/sys -I../../Middlewares/Third_Party/LwIP/src/include/compat/stdc -I../../Middlewares/Third_Party/LwIP/system/arch -O0 -ffunction-sections -fdata-sections -Wall -fstack-usage -fcyclomatic-complexity -MMD -MP -MF"Middlewares/Third_Party/LwIP/api_msg.d" -MT"Middlewares/Third_Party/LwIP/api_msg.o" --specs=nano.specs -mfpu=fpv5-d16 -mfloat-abi=hard -mthumb -o "Middlewares/Third_Party/LwIP/api_msg.o"
arm-none-eabi-gcc "C:/Users/Maciek/Desktop/Rozwoj/UDP_BRIDGE/UDP_BRIDGE/UDP_BRIDGE/STM32/UDP/Middlewares/Third_Party/LwIP/src/netif/ppp/auth.c" -mcpu=cortex-m7 -std=gnu11 -g3 -DDEBUG -DCORE_CM7 -DUSE_HAL_DRIVER -DSTM32H745xx -c -I../Core/Inc -I../../Drivers/STM32H7xx_HAL_Driver/Inc -I../../Drivers/STM32H7xx_HAL_Driver/Inc/Legacy -I../../Drivers/CMSIS/Device/ST/STM32H7xx/Include -I../../Drivers/CMSIS/Include -I../LWIP/App -I../LWIP/Target -I../../Middlewares/Third_Party/LwIP/src/include -I../../Middlewares/Third_Party/LwIP/system -I../../Drivers/BSP/Components/lan8742 -I../../Middlewares/Third_Party/LwIP/src/include/netif/ppp -I../../Middlewares/Third_Party/LwIP/src/include/lwip -I../../Middlewares/Third_Party/LwIP/src/include/lwip/apps -I../../Middlewares/Third_Party/LwIP/src/include/lwip/priv -I../../Middlewares/Third_Party/LwIP/src/include/lwip/prot -I../../Middlewares/Third_Party/LwIP/src/include/netif -I../../Middlewares/Third_Party/LwIP/src/include/compat/posix -I../../Middlewares/Third_Party/LwIP/src/include/compat/posix/arpa -I../../Middlewares/Third_Party/LwIP/src/include/compat/posix/net -I../../Middlewares/Third_Party/LwIP/src/include/compat/posix/sys -I../../Middlewares/Third_Party/LwIP/src/include/compat/stdc -I../../Middlewares/Third_Party/LwIP/system/arch -O0 -ffunction-sections -fdata-sections -Wall -fstack-usage -fcyclomatic-complexity -MMD -MP -MF"Middlewares/Third_Party/LwIP/auth.d" -MT"Middlewares/Third_Party/LwIP/auth.o" --specs=nano.specs -mfpu=fpv5-d16 -mfloat-abi=hard -mthumb -o "Middlewares/Third_Party/LwIP/auth.o"
arm-none-eabi-gcc "C:/Users/Maciek/Desktop/Rozwoj/UDP_BRIDGE/UDP_BRIDGE/UDP_BRIDGE/STM32/UDP/Middlewares/Third_Party/LwIP/src/core/ipv4/autoip.c" -mcpu=cortex-m7 -std=gnu11 -g3 -DDEBUG -DCORE_CM7 -DUSE_HAL_DRIVER -DSTM32H745xx -c -I../Core/Inc -I../../Drivers/STM32H7xx_HAL_Driver/Inc -I../../Drivers/STM32H7xx_HAL_Driver/Inc/Legacy -I../../Drivers/CMSIS/Device/ST/STM32H7xx/Include -I../../Drivers/CMSIS/Include -I../LWIP/App -I../LWIP/Target -I../../Middlewares/Third_Party/LwIP/src/include -I../../Middlewares/Third_Party/LwIP/system -I../../Drivers/BSP/Components/lan8742 -I../../Middlewares/Third_Party/LwIP/src/include/netif/ppp -I../../Middlewares/Third_Party/LwIP/src/include/lwip -I../../Middlewares/Third_Party/LwIP/src/include/lwip/apps -I../../Middlewares/Third_Party/LwIP/src/include/lwip/priv -I../../Middlewares/Third_Party/LwIP/src/include/lwip/prot -I../../Middlewares/Third_Party/LwIP/src/include/netif -I../../Middlewares/Third_Party/LwIP/src/include/compat/posix -I../../Middlewares/Third_Party/LwIP/src/include/compat/posix/arpa -I../../Middlewares/Third_Party/LwIP/src/include/compat/posix/net -I../../Middlewares/Third_Party/LwIP/src/include/compat/posix/sys -I../../Middlewares/Third_Party/LwIP/src/include/compat/stdc -I../../Middlewares/Third_Party/LwIP/system/arch -O0 -ffunction-sections -fdata-sections -Wall -fstack-usage -fcyclomatic-complexity -MMD -MP -MF"Middlewares/Third_Party/LwIP/autoip.d" -MT"Middlewares/Third_Party/LwIP/autoip.o" --specs=nano.specs -mfpu=fpv5-d16 -mfloat-abi=hard -mthumb -o "Middlewares/Third_Party/LwIP/autoip.o"
arm-none-eabi-gcc "C:/Users/Maciek/Desktop/Rozwoj/UDP_BRIDGE/UDP_BRIDGE/UDP_BRIDGE/STM32/UDP/Middlewares/Third_Party/LwIP/src/netif/bridgeif.c" -mcpu=cortex-m7 -std=gnu11 -g3 -DDEBUG -DCORE_CM7 -DUSE_HAL_DRIVER -DSTM32H745xx -c -I../Core/Inc -I../../Drivers/STM32H7xx_HAL_Driver/Inc -I../../Drivers/STM32H7xx_HAL_Driver/Inc/Legacy -I../../Drivers/CMSIS/Device/ST/STM32H7xx/Include -I../../Drivers/CMSIS/Include -I../LWIP/App -I../LWIP/Target -I../../Middlewares/Third_Party/LwIP/src/include -I../../Middlewares/Third_Party/LwIP/system -I../../Drivers/BSP/Components/lan8742 -I../../Middlewares/Third_Party/LwIP/src/include/netif/ppp -I../../Middlewares/Third_Party/LwIP/src/include/lwip -I../../Middlewares/Third_Party/LwIP/src/include/lwip/apps -I../../Middlewares/Third_Party/LwIP/src/include/lwip/priv -I../../Middlewares/Third_Party/LwIP/src/include/lwip/prot -I../../Middlewares/Third_Party/LwIP/src/include/netif -I../../Middlewares/Third_Party/LwIP/src/include/compat/posix -I../../Middlewares/Third_Party/LwIP/src/include/compat/posix/arpa -I../../Middlewares/Third_Party/LwIP/src/include/compat/posix/net -I../../Middlewares/Third_Party/LwIP/src/include/compat/posix/sys -I../../Middlewares/Third_Party/LwIP/src/include/compat/stdc -I../../Middlewares/Third_Party/LwIP/system/arch -O0 -ffunction-sections -fdata-sections -Wall -fstack-usage -fcyclomatic-complexity -MMD -MP -MF"Middlewares/Third_Party/LwIP/bridgeif.d" -MT"Middlewares/Third_Party/LwIP/bridgeif.o" --specs=nano.specs -mfpu=fpv5-d16 -mfloat-abi=hard -mthumb -o "Middlewares/Third_Party/LwIP/bridgeif.o"
arm-none-eabi-gcc "C:/Users/Maciek/Desktop/Rozwoj/UDP_BRIDGE/UDP_BRIDGE/UDP_BRIDGE/STM32/UDP/Middlewares/Third_Party/LwIP/src/netif/bridgeif_fdb.c" -mcpu=cortex-m7 -std=gnu11 -g3 -DDEBUG -DCORE_CM7 -DUSE_HAL_DRIVER -DSTM32H745xx -c -I../Core/Inc -I../../Drivers/STM32H7xx_HAL_Driver/Inc -I../../Drivers/STM32H7xx_HAL_Driver/Inc/Legacy -I../../Drivers/CMSIS/Device/ST/STM32H7xx/Include -I../../Drivers/CMSIS/Include -I../LWIP/App -I../LWIP/Target -I../../Middlewares/Third_Party/LwIP/src/include -I../../Middlewares/Third_Party/LwIP/system -I../../Drivers/BSP/Components/lan8742 -I../../Middlewares/Third_Party/LwIP/src/include/netif/ppp -I../../Middlewares/Third_Party/LwIP/src/include/lwip -I../../Middlewares/Third_Party/LwIP/src/include/lwip/apps -I../../Middlewares/Third_Party/LwIP/src/include/lwip/priv -I../../Middlewares/Third_Party/LwIP/src/include/lwip/prot -I../../Middlewares/Third_Party/LwIP/src/include/netif -I../../Middlewares/Third_Party/LwIP/src/include/compat/posix -I../../Middlewares/Third_Party/LwIP/src/include/compat/posix/arpa -I../../Middlewares/Third_Party/LwIP/src/include/compat/posix/net -I../../Middlewares/Third_Party/LwIP/src/include/compat/posix/sys -I../../Middlewares/Third_Party/LwIP/src/include/compat/stdc -I../../Middlewares/Third_Party/LwIP/system/arch -O0 -ffunction-sections -fdata-sections -Wall -fstack-usage -fcyclomatic-complexity -MMD -MP -MF"Middlewares/Third_Party/LwIP/bridgeif_fdb.d" -MT"Middlewares/Third_Party/LwIP/bridgeif_fdb.o" --specs=nano.specs -mfpu=fpv5-d16 -mfloat-abi=hard -mthumb -o "Middlewares/Third_Party/LwIP/bridgeif_fdb.o"
arm-none-eabi-gcc "C:/Users/Maciek/Desktop/Rozwoj/UDP_BRIDGE/UDP_BRIDGE/UDP_BRIDGE/STM32/UDP/Middlewares/Third_Party/LwIP/src/netif/ppp/ccp.c" -mcpu=cortex-m7 -std=gnu11 -g3 -DDEBUG -DCORE_CM7 -DUSE_HAL_DRIVER -DSTM32H745xx -c -I../Core/Inc -I../../Drivers/STM32H7xx_HAL_Driver/Inc -I../../Drivers/STM32H7xx_HAL_Driver/Inc/Legacy -I../../Drivers/CMSIS/Device/ST/STM32H7xx/Include -I../../Drivers/CMSIS/Include -I../LWIP/App -I../LWIP/Target -I../../Middlewares/Third_Party/LwIP/src/include -I../../Middlewares/Third_Party/LwIP/system -I../../Drivers/BSP/Components/lan8742 -I../../Middlewares/Third_Party/LwIP/src/include/netif/ppp -I../../Middlewares/Third_Party/LwIP/src/include/lwip -I../../Middlewares/Third_Party/LwIP/src/include/lwip/apps -I../../Middlewares/Third_Party/LwIP/src/include/lwip/priv -I../../Middlewares/Third_Party/LwIP/src/include/lwip/prot -I../../Middlewares/Third_Party/LwIP/src/include/netif -I../../Middlewares/Third_Party/LwIP/src/include/compat/posix -I../../Middlewares/Third_Party/LwIP/src/include/compat/posix/arpa -I../../Middlewares/Third_Party/LwIP/src/include/compat/posix/net -I../../Middlewares/Third_Party/LwIP/src/include/compat/posix/sys -I../../Middlewares/Third_Party/LwIP/src/include/compat/stdc -I../../Middlewares/Third_Party/LwIP/system/arch -O0 -ffunction-sections -fdata-sections -Wall -fstack-usage -fcyclomatic-complexity -MMD -MP -MF"Middlewares/Third_Party/LwIP/ccp.d" -MT"Middlewares/Third_Party/LwIP/ccp.o" --specs=nano.specs -mfpu=fpv5-d16 -mfloat-abi=hard -mthumb -o "Middlewares/Third_Party/LwIP/ccp.o"
arm-none-eabi-gcc "C:/Users/Maciek/Desktop/Rozwoj/UDP_BRIDGE/UDP_BRIDGE/UDP_BRIDGE/STM32/UDP/Middlewares/Third_Party/LwIP/src/netif/ppp/chap-md5.c" -mcpu=cortex-m7 -std=gnu11 -g3 -DDEBUG -DCORE_CM7 -DUSE_HAL_DRIVER -DSTM32H745xx -c -I../Core/Inc -I../../Drivers/STM32H7xx_HAL_Driver/Inc -I../../Drivers/STM32H7xx_HAL_Driver/Inc/Legacy -I../../Drivers/CMSIS/Device/ST/STM32H7xx/Include -I../../Drivers/CMSIS/Include -I../LWIP/App -I../LWIP/Target -I../../Middlewares/Third_Party/LwIP/src/include -I../../Middlewares/Third_Party/LwIP/system -I../../Drivers/BSP/Components/lan8742 -I../../Middlewares/Third_Party/LwIP/src/include/netif/ppp -I../../Middlewares/Third_Party/LwIP/src/include/lwip -I../../Middlewares/Third_Party/LwIP/src/include/lwip/apps -I../../Middlewares/Third_Party/LwIP/src/include/lwip/priv -I../../Middlewares/Third_Party/LwIP/src/include/lwip/prot -I../../Middlewares/Third_Party/LwIP/src/include/netif -I../../Middlewares/Third_Party/LwIP/src/include/compat/posix -I../../Middlewares/Third_Party/LwIP/src/include/compat/posix/arpa -I../../Middlewares/Third_Party/LwIP/src/include/compat/posix/net -I../../Middlewares/Third_Party/LwIP/src/include/compat/posix/sys -I../../Middlewares/Third_Party/LwIP/src/include/compat/stdc -I../../Middlewares/Third_Party/LwIP/system/arch -O0 -ffunction-sections -fdata-sections -Wall -fstack-usage -fcyclomatic-complexity -MMD -MP -MF"Middlewares/Third_Party/LwIP/chap-md5.d" -MT"Middlewares/Third_Party/LwIP/chap-md5.o" --specs=nano.specs -mfpu=fpv5-d16 -mfloat-abi=hard -mthumb -o "Middlewares/Third_Party/LwIP/chap-md5.o"
arm-none-eabi-gcc "C:/Users/Maciek/Desktop/Rozwoj/UDP_BRIDGE/UDP_BRIDGE/UDP_BRIDGE/STM32/UDP/Middlewares/Third_Party/LwIP/src/netif/ppp/chap-new.c" -mcpu=cortex-m7 -std=gnu11 -g3 -DDEBUG -DCORE_CM7 -DUSE_HAL_DRIVER -DSTM32H745xx -c -I../Core/Inc -I../../Drivers/STM32H7xx_HAL_Driver/Inc -I../../Drivers/STM32H7xx_HAL_Driver/Inc/Legacy -I../../Drivers/CMSIS/Device/ST/STM32H7xx/Include -I../../Drivers/CMSIS/Include -I../LWIP/App -I../LWIP/Target -I../../Middlewares/Third_Party/LwIP/src/include -I../../Middlewares/Third_Party/LwIP/system -I../../Drivers/BSP/Components/lan8742 -I../../Middlewares/Third_Party/LwIP/src/include/netif/ppp -I../../Middlewares/Third_Party/LwIP/src/include/lwip -I../../Middlewares/Third_Party/LwIP/src/include/lwip/apps -I../../Middlewares/Third_Party/LwIP/src/include/lwip/priv -I../../Middlewares/Third_Party/LwIP/src/include/lwip/prot -I../../Middlewares/Third_Party/LwIP/src/include/netif -I../../Middlewares/Third_Party/LwIP/src/include/compat/posix -I../../Middlewares/Third_Party/LwIP/src/include/compat/posix/arpa -I../../Middlewares/Third_Party/LwIP/src/include/compat/posix/net -I../../Middlewares/Third_Party/LwIP/src/include/compat/posix/sys -I../../Middlewares/Third_Party/LwIP/src/include/compat/stdc -I../../Middlewares/Third_Party/LwIP/system/arch -O0 -ffunction-sections -fdata-sections -Wall -fstack-usage -fcyclomatic-complexity -MMD -MP -MF"Middlewares/Third_Party/LwIP/chap-new.d" -MT"Middlewares/Third_Party/LwIP/chap-new.o" --specs=nano.specs -mfpu=fpv5-d16 -mfloat-abi=hard -mthumb -o "Middlewares/Third_Party/LwIP/chap-new.o"
arm-none-eabi-gcc "C:/Users/Maciek/Desktop/Rozwoj/UDP_BRIDGE/UDP_BRIDGE/UDP_BRIDGE/STM32/UDP/Middlewares/Third_Party/LwIP/src/netif/ppp/chap_ms.c" -mcpu=cortex-m7 -std=gnu11 -g3 -DDEBUG -DCORE_CM7 -DUSE_HAL_DRIVER -DSTM32H745xx -c -I../Core/Inc -I../../Drivers/STM32H7xx_HAL_Driver/Inc -I../../Drivers/STM32H7xx_HAL_Driver/Inc/Legacy -I../../Drivers/CMSIS/Device/ST/STM32H7xx/Include -I../../Drivers/CMSIS/Include -I../LWIP/App -I../LWIP/Target -I../../Middlewares/Third_Party/LwIP/src/include -I../../Middlewares/Third_Party/LwIP/system -I../../Drivers/BSP/Components/lan8742 -I../../Middlewares/Third_Party/LwIP/src/include/netif/ppp -I../../Middlewares/Third_Party/LwIP/src/include/lwip -I../../Middlewares/Third_Party/LwIP/src/include/lwip/apps -I../../Middlewares/Third_Party/LwIP/src/include/lwip/priv -I../../Middlewares/Third_Party/LwIP/src/include/lwip/prot -I../../Middlewares/Third_Party/LwIP/src/include/netif -I../../Middlewares/Third_Party/LwIP/src/include/compat/posix -I../../Middlewares/Third_Party/LwIP/src/include/compat/posix/arpa -I../../Middlewares/Third_Party/LwIP/src/include/compat/posix/net -I../../Middlewares/Third_Party/LwIP/src/include/compat/posix/sys -I../../Middlewares/Third_Party/LwIP/src/include/compat/stdc -I../../Middlewares/Third_Party/LwIP/system/arch -O0 -ffunction-sections -fdata-sections -Wall -fstack-usage -fcyclomatic-complexity -MMD -MP -MF"Middlewares/Third_Party/LwIP/chap_ms.d" -MT"Middlewares/Third_Party/LwIP/chap_ms.o" --specs=nano.specs -mfpu=fpv5-d16 -mfloat-abi=hard -mthumb -o "Middlewares/Third_Party/LwIP/chap_ms.o"
arm-none-eabi-gcc "C:/Users/Maciek/Desktop/Rozwoj/UDP_BRIDGE/UDP_BRIDGE/UDP_BRIDGE/STM32/UDP/Middlewares/Third_Party/LwIP/src/core/def.c" -mcpu=cortex-m7 -std=gnu11 -g3 -DDEBUG -DCORE_CM7 -DUSE_HAL_DRIVER -DSTM32H745xx -c -I../Core/Inc -I../../Drivers/STM32H7xx_HAL_Driver/Inc -I../../Drivers/STM32H7xx_HAL_Driver/Inc/Legacy -I../../Drivers/CMSIS/Device/ST/STM32H7xx/Include -I../../Drivers/CMSIS/Include -I../LWIP/App -I../LWIP/Target -I../../Middlewares/Third_Party/LwIP/src/include -I../../Middlewares/Third_Party/LwIP/system -I../../Drivers/BSP/Components/lan8742 -I../../Middlewares/Third_Party/LwIP/src/include/netif/ppp -I../../Middlewares/Third_Party/LwIP/src/include/lwip -I../../Middlewares/Third_Party/LwIP/src/include/lwip/apps -I../../Middlewares/Third_Party/LwIP/src/include/lwip/priv -I../../Middlewares/Third_Party/LwIP/src/include/lwip/prot -I../../Middlewares/Third_Party/LwIP/src/include/netif -I../../Middlewares/Third_Party/LwIP/src/include/compat/posix -I../../Middlewares/Third_Party/LwIP/src/include/compat/posix/arpa -I../../Middlewares/Third_Party/LwIP/src/include/compat/posix/net -I../../Middlewares/Third_Party/LwIP/src/include/compat/posix/sys -I../../Middlewares/Third_Party/LwIP/src/include/compat/stdc -I../../Middlewares/Third_Party/LwIP/system/arch -O0 -ffunction-sections -fdata-sections -Wall -fstack-usage -fcyclomatic-complexity -MMD -MP -MF"Middlewares/Third_Party/LwIP/def.d" -MT"Middlewares/Third_Party/LwIP/def.o" --specs=nano.specs -mfpu=fpv5-d16 -mfloat-abi=hard -mthumb -o "Middlewares/Third_Party/LwIP/def.o"
arm-none-eabi-gcc "C:/Users/Maciek/Desktop/Rozwoj/UDP_BRIDGE/UDP_BRIDGE/UDP_BRIDGE/STM32/UDP/Middlewares/Third_Party/LwIP/src/netif/ppp/demand.c" -mcpu=cortex-m7 -std=gnu11 -g3 -DDEBUG -DCORE_CM7 -DUSE_HAL_DRIVER -DSTM32H745xx -c -I../Core/Inc -I../../Drivers/STM32H7xx_HAL_Driver/Inc -I../../Drivers/STM32H7xx_HAL_Driver/Inc/Legacy -I../../Drivers/CMSIS/Device/ST/STM32H7xx/Include -I../../Drivers/CMSIS/Include -I../LWIP/App -I../LWIP/Target -I../../Middlewares/Third_Party/LwIP/src/include -I../../Middlewares/Third_Party/LwIP/system -I../../Drivers/BSP/Components/lan8742 -I../../Middlewares/Third_Party/LwIP/src/include/netif/ppp -I../../Middlewares/Third_Party/LwIP/src/include/lwip -I../../Middlewares/Third_Party/LwIP/src/include/lwip/apps -I../../Middlewares/Third_Party/LwIP/src/include/lwip/priv -I../../Middlewares/Third_Party/LwIP/src/include/lwip/prot -I../../Middlewares/Third_Party/LwIP/src/include/netif -I../../Middlewares/Third_Party/LwIP/src/include/compat/posix -I../../Middlewares/Third_Party/LwIP/src/include/compat/posix/arpa -I../../Middlewares/Third_Party/LwIP/src/include/compat/posix/net -I../../Middlewares/Third_Party/LwIP/src/include/compat/posix/sys -I../../Middlewares/Third_Party/LwIP/src/include/compat/stdc -I../../Middlewares/Third_Party/LwIP/system/arch -O0 -ffunction-sections -fdata-sections -Wall -fstack-usage -fcyclomatic-complexity -MMD -MP -MF"Middlewares/Third_Party/LwIP/demand.d" -MT"Middlewares/Third_Party/LwIP/demand.o" --specs=nano.specs -mfpu=fpv5-d16 -mfloat-abi=hard -mthumb -o "Middlewares/Third_Party/LwIP/demand.o"
arm-none-eabi-gcc "C:/Users/Maciek/Desktop/Rozwoj/UDP_BRIDGE/UDP_BRIDGE/UDP_BRIDGE/STM32/UDP/Middlewares/Third_Party/LwIP/src/core/ipv4/dhcp.c" -mcpu=cortex-m7 -std=gnu11 -g3 -DDEBUG -DCORE_CM7 -DUSE_HAL_DRIVER -DSTM32H745xx -c -I../Core/Inc -I../../Drivers/STM32H7xx_HAL_Driver/Inc -I../../Drivers/STM32H7xx_HAL_Driver/Inc/Legacy -I../../Drivers/CMSIS/Device/ST/STM32H7xx/Include -I../../Drivers/CMSIS/Include -I../LWIP/App -I../LWIP/Target -I../../Middlewares/Third_Party/LwIP/src/include -I../../Middlewares/Third_Party/LwIP/system -I../../Drivers/BSP/Components/lan8742 -I../../Middlewares/Third_Party/LwIP/src/include/netif/ppp -I../../Middlewares/Third_Party/LwIP/src/include/lwip -I../../Middlewares/Third_Party/LwIP/src/include/lwip/apps -I../../Middlewares/Third_Party/LwIP/src/include/lwip/priv -I../../Middlewares/Third_Party/LwIP/src/include/lwip/prot -I../../Middlewares/Third_Party/LwIP/src/include/netif -I../../Middlewares/Third_Party/LwIP/src/include/compat/posix -I../../Middlewares/Third_Party/LwIP/src/include/compat/posix/arpa -I../../Middlewares/Third_Party/LwIP/src/include/compat/posix/net -I../../Middlewares/Third_Party/LwIP/src/include/compat/posix/sys -I../../Middlewares/Third_Party/LwIP/src/include/compat/stdc -I../../Middlewares/Third_Party/LwIP/system/arch -O0 -ffunction-sections -fdata-sections -Wall -fstack-usage -fcyclomatic-complexity -MMD -MP -MF"Middlewares/Third_Party/LwIP/dhcp.d" -MT"Middlewares/Third_Party/LwIP/dhcp.o" --specs=nano.specs -mfpu=fpv5-d16 -mfloat-abi=hard -mthumb -o "Middlewares/Third_Party/LwIP/dhcp.o"
arm-none-eabi-gcc "C:/Users/Maciek/Desktop/Rozwoj/UDP_BRIDGE/UDP_BRIDGE/UDP_BRIDGE/STM32/UDP/Middlewares/Third_Party/LwIP/src/core/ipv6/dhcp6.c" -mcpu=cortex-m7 -std=gnu11 -g3 -DDEBUG -DCORE_CM7 -DUSE_HAL_DRIVER -DSTM32H745xx -c -I../Core/Inc -I../../Drivers/STM32H7xx_HAL_Driver/Inc -I../../Drivers/STM32H7xx_HAL_Driver/Inc/Legacy -I../../Drivers/CMSIS/Device/ST/STM32H7xx/Include -I../../Drivers/CMSIS/Include -I../LWIP/App -I../LWIP/Target -I../../Middlewares/Third_Party/LwIP/src/include -I../../Middlewares/Third_Party/LwIP/system -I../../Drivers/BSP/Components/lan8742 -I../../Middlewares/Third_Party/LwIP/src/include/netif/ppp -I../../Middlewares/Third_Party/LwIP/src/include/lwip -I../../Middlewares/Third_Party/LwIP/src/include/lwip/apps -I../../Middlewares/Third_Party/LwIP/src/include/lwip/priv -I../../Middlewares/Third_Party/LwIP/src/include/lwip/prot -I../../Middlewares/Third_Party/LwIP/src/include/netif -I../../Middlewares/Third_Party/LwIP/src/include/compat/posix -I../../Middlewares/Third_Party/LwIP/src/include/compat/posix/arpa -I../../Middlewares/Third_Party/LwIP/src/include/compat/posix/net -I../../Middlewares/Third_Party/LwIP/src/include/compat/posix/sys -I../../Middlewares/Third_Party/LwIP/src/include/compat/stdc -I../../Middlewares/Third_Party/LwIP/system/arch -O0 -ffunction-sections -fdata-sections -Wall -fstack-usage -fcyclomatic-complexity -MMD -MP -MF"Middlewares/Third_Party/LwIP/dhcp6.d" -MT"Middlewares/Third_Party/LwIP/dhcp6.o" --specs=nano.specs -mfpu=fpv5-d16 -mfloat-abi=hard -mthumb -o "Middlewares/Third_Party/LwIP/dhcp6.o"
arm-none-eabi-gcc "C:/Users/Maciek/Desktop/Rozwoj/UDP_BRIDGE/UDP_BRIDGE/UDP_BRIDGE/STM32/UDP/Middlewares/Third_Party/LwIP/src/core/dns.c" -mcpu=cortex-m7 -std=gnu11 -g3 -DDEBUG -DCORE_CM7 -DUSE_HAL_DRIVER -DSTM32H745xx -c -I../Core/Inc -I../../Drivers/STM32H7xx_HAL_Driver/Inc -I../../Drivers/STM32H7xx_HAL_Driver/Inc/Legacy -I../../Drivers/CMSIS/Device/ST/STM32H7xx/Include -I../../Drivers/CMSIS/Include -I../LWIP/App -I../LWIP/Target -I../../Middlewares/Third_Party/LwIP/src/include -I../../Middlewares/Third_Party/LwIP/system -I../../Drivers/BSP/Components/lan8742 -I../../Middlewares/Third_Party/LwIP/src/include/netif/ppp -I../../Middlewares/Third_Party/LwIP/src/include/lwip -I../../Middlewares/Third_Party/LwIP/src/include/lwip/apps -I../../Middlewares/Third_Party/LwIP/src/include/lwip/priv -I../../Middlewares/Third_Party/LwIP/src/include/lwip/prot -I../../Middlewares/Third_Party/LwIP/src/include/netif -I../../Middlewares/Third_Party/LwIP/src/include/compat/posix -I../../Middlewares/Third_Party/LwIP/src/include/compat/posix/arpa -I../../Middlewares/Third_Party/LwIP/src/include/compat/posix/net -I../../Middlewares/Third_Party/LwIP/src/include/compat/posix/sys -I../../Middlewares/Third_Party/LwIP/src/include/compat/stdc -I../../Middlewares/Third_Party/LwIP/system/arch -O0 -ffunction-sections -fdata-sections -Wall -fstack-usage -fcyclomatic-complexity -MMD -MP -MF"Middlewares/Third_Party/LwIP/dns.d" -MT"Middlewares/Third_Party/LwIP/dns.o" --specs=nano.specs -mfpu=fpv5-d16 -mfloat-abi=hard -mthumb -o "Middlewares/Third_Party/LwIP/dns.o"
arm-none-eabi-gcc "C:/Users/Maciek/Desktop/Rozwoj/UDP_BRIDGE/UDP_BRIDGE/UDP_BRIDGE/STM32/UDP/Middlewares/Third_Party/LwIP/src/netif/ppp/eap.c" -mcpu=cortex-m7 -std=gnu11 -g3 -DDEBUG -DCORE_CM7 -DUSE_HAL_DRIVER -DSTM32H745xx -c -I../Core/Inc -I../../Drivers/STM32H7xx_HAL_Driver/Inc -I../../Drivers/STM32H7xx_HAL_Driver/Inc/Legacy -I../../Drivers/CMSIS/Device/ST/STM32H7xx/Include -I../../Drivers/CMSIS/Include -I../LWIP/App -I../LWIP/Target -I../../Middlewares/Third_Party/LwIP/src/include -I../../Middlewares/Third_Party/LwIP/system -I../../Drivers/BSP/Components/lan8742 -I../../Middlewares/Third_Party/LwIP/src/include/netif/ppp -I../../Middlewares/Third_Party/LwIP/src/include/lwip -I../../Middlewares/Third_Party/LwIP/src/include/lwip/apps -I../../Middlewares/Third_Party/LwIP/src/include/lwip/priv -I../../Middlewares/Third_Party/LwIP/src/include/lwip/prot -I../../Middlewares/Third_Party/LwIP/src/include/netif -I../../Middlewares/Third_Party/LwIP/src/include/compat/posix -I../../Middlewares/Third_Party/LwIP/src/include/compat/posix/arpa -I../../Middlewares/Third_Party/LwIP/src/include/compat/posix/net -I../../Middlewares/Third_Party/LwIP/src/include/compat/posix/sys -I../../Middlewares/Third_Party/LwIP/src/include/compat/stdc -I../../Middlewares/Third_Party/LwIP/system/arch -O0 -ffunction-sections -fdata-sections -Wall -fstack-usage -fcyclomatic-complexity -MMD -MP -MF"Middlewares/Third_Party/LwIP/eap.d" -MT"Middlewares/Third_Party/LwIP/eap.o" --specs=nano.specs -mfpu=fpv5-d16 -mfloat-abi=hard -mthumb -o "Middlewares/Third_Party/LwIP/eap.o"
arm-none-eabi-gcc "C:/Users/Maciek/Desktop/Rozwoj/UDP_BRIDGE/UDP_BRIDGE/UDP_BRIDGE/STM32/UDP/Middlewares/Third_Party/LwIP/src/netif/ppp/ecp.c" -mcpu=cortex-m7 -std=gnu11 -g3 -DDEBUG -DCORE_CM7 -DUSE_HAL_DRIVER -DSTM32H745xx -c -I../Core/Inc -I../../Drivers/STM32H7xx_HAL_Driver/Inc -I../../Drivers/STM32H7xx_HAL_Driver/Inc/Legacy -I../../Drivers/CMSIS/Device/ST/STM32H7xx/Include -I../../Drivers/CMSIS/Include -I../LWIP/App -I../LWIP/Target -I../../Middlewares/Third_Party/LwIP/src/include -I../../Middlewares/Third_Party/LwIP/system -I../../Drivers/BSP/Components/lan8742 -I../../Middlewares/Third_Party/LwIP/src/include/netif/ppp -I../../Middlewares/Third_Party/LwIP/src/include/lwip -I../../Middlewares/Third_Party/LwIP/src/include/lwip/apps -I../../Middlewares/Third_Party/LwIP/src/include/lwip/priv -I../../Middlewares/Third_Party/LwIP/src/include/lwip/prot -I../../Middlewares/Third_Party/LwIP/src/include/netif -I../../Middlewares/Third_Party/LwIP/src/include/compat/posix -I../../Middlewares/Third_Party/LwIP/src/include/compat/posix/arpa -I../../Middlewares/Third_Party/LwIP/src/include/compat/posix/net -I../../Middlewares/Third_Party/LwIP/src/include/compat/posix/sys -I../../Middlewares/Third_Party/LwIP/src/include/compat/stdc -I../../Middlewares/Third_Party/LwIP/system/arch -O0 -ffunction-sections -fdata-sections -Wall -fstack-usage -fcyclomatic-complexity -MMD -MP -MF"Middlewares/Third_Party/LwIP/ecp.d" -MT"Middlewares/Third_Party/LwIP/ecp.o" --specs=nano.specs -mfpu=fpv5-d16 -mfloat-abi=hard -mthumb -o "Middlewares/Third_Party/LwIP/ecp.o"
arm-none-eabi-gcc "C:/Users/Maciek/Desktop/Rozwoj/UDP_BRIDGE/UDP_BRIDGE/UDP_BRIDGE/STM32/UDP/Middlewares/Third_Party/LwIP/src/api/err.c" -mcpu=cortex-m7 -std=gnu11 -g3 -DDEBUG -DCORE_CM7 -DUSE_HAL_DRIVER -DSTM32H745xx -c -I../Core/Inc -I../../Drivers/STM32H7xx_HAL_Driver/Inc -I../../Drivers/STM32H7xx_HAL_Driver/Inc/Legacy -I../../Drivers/CMSIS/Device/ST/STM32H7xx/Include -I../../Drivers/CMSIS/Include -I../LWIP/App -I../LWIP/Target -I../../Middlewares/Third_Party/LwIP/src/include -I../../Middlewares/Third_Party/LwIP/system -I../../Drivers/BSP/Components/lan8742 -I../../Middlewares/Third_Party/LwIP/src/include/netif/ppp -I../../Middlewares/Third_Party/LwIP/src/include/lwip -I../../Middlewares/Third_Party/LwIP/src/include/lwip/apps -I../../Middlewares/Third_Party/LwIP/src/include/lwip/priv -I../../Middlewares/Third_Party/LwIP/src/include/lwip/prot -I../../Middlewares/Third_Party/LwIP/src/include/netif -I../../Middlewares/Third_Party/LwIP/src/include/compat/posix -I../../Middlewares/Third_Party/LwIP/src/include/compat/posix/arpa -I../../Middlewares/Third_Party/LwIP/src/include/compat/posix/net -I../../Middlewares/Third_Party/LwIP/src/include/compat/posix/sys -I../../Middlewares/Third_Party/LwIP/src/include/compat/stdc -I../../Middlewares/Third_Party/LwIP/system/arch -O0 -ffunction-sections -fdata-sections -Wall -fstack-usage -fcyclomatic-complexity -MMD -MP -MF"Middlewares/Third_Party/LwIP/err.d" -MT"Middlewares/Third_Party/LwIP/err.o" --specs=nano.specs -mfpu=fpv5-d16 -mfloat-abi=hard -mthumb -o "Middlewares/Third_Party/LwIP/err.o"
arm-none-eabi-gcc "C:/Users/Maciek/Desktop/Rozwoj/UDP_BRIDGE/UDP_BRIDGE/UDP_BRIDGE/STM32/UDP/Middlewares/Third_Party/LwIP/src/core/ipv4/etharp.c" -mcpu=cortex-m7 -std=gnu11 -g3 -DDEBUG -DCORE_CM7 -DUSE_HAL_DRIVER -DSTM32H745xx -c -I../Core/Inc -I../../Drivers/STM32H7xx_HAL_Driver/Inc -I../../Drivers/STM32H7xx_HAL_Driver/Inc/Legacy -I../../Drivers/CMSIS/Device/ST/STM32H7xx/Include -I../../Drivers/CMSIS/Include -I../LWIP/App -I../LWIP/Target -I../../Middlewares/Third_Party/LwIP/src/include -I../../Middlewares/Third_Party/LwIP/system -I../../Drivers/BSP/Components/lan8742 -I../../Middlewares/Third_Party/LwIP/src/include/netif/ppp -I../../Middlewares/Third_Party/LwIP/src/include/lwip -I../../Middlewares/Third_Party/LwIP/src/include/lwip/apps -I../../Middlewares/Third_Party/LwIP/src/include/lwip/priv -I../../Middlewares/Third_Party/LwIP/src/include/lwip/prot -I../../Middlewares/Third_Party/LwIP/src/include/netif -I../../Middlewares/Third_Party/LwIP/src/include/compat/posix -I../../Middlewares/Third_Party/LwIP/src/include/compat/posix/arpa -I../../Middlewares/Third_Party/LwIP/src/include/compat/posix/net -I../../Middlewares/Third_Party/LwIP/src/include/compat/posix/sys -I../../Middlewares/Third_Party/LwIP/src/include/compat/stdc -I../../Middlewares/Third_Party/LwIP/system/arch -O0 -ffunction-sections -fdata-sections -Wall -fstack-usage -fcyclomatic-complexity -MMD -MP -MF"Middlewares/Third_Party/LwIP/etharp.d" -MT"Middlewares/Third_Party/LwIP/etharp.o" --specs=nano.specs -mfpu=fpv5-d16 -mfloat-abi=hard -mthumb -o "Middlewares/Third_Party/LwIP/etharp.o"
arm-none-eabi-gcc "C:/Users/Maciek/Desktop/Rozwoj/UDP_BRIDGE/UDP_BRIDGE/UDP_BRIDGE/STM32/UDP/Middlewares/Third_Party/LwIP/src/netif/ethernet.c" -mcpu=cortex-m7 -std=gnu11 -g3 -DDEBUG -DCORE_CM7 -DUSE_HAL_DRIVER -DSTM32H745xx -c -I../Core/Inc -I../../Drivers/STM32H7xx_HAL_Driver/Inc -I../../Drivers/STM32H7xx_HAL_Driver/Inc/Legacy -I../../Drivers/CMSIS/Device/ST/STM32H7xx/Include -I../../Drivers/CMSIS/Include -I../LWIP/App -I../LWIP/Target -I../../Middlewares/Third_Party/LwIP/src/include -I../../Middlewares/Third_Party/LwIP/system -I../../Drivers/BSP/Components/lan8742 -I../../Middlewares/Third_Party/LwIP/src/include/netif/ppp -I../../Middlewares/Third_Party/LwIP/src/include/lwip -I../../Middlewares/Third_Party/LwIP/src/include/lwip/apps -I../../Middlewares/Third_Party/LwIP/src/include/lwip/priv -I../../Middlewares/Third_Party/LwIP/src/include/lwip/prot -I../../Middlewares/Third_Party/LwIP/src/include/netif -I../../Middlewares/Third_Party/LwIP/src/include/compat/posix -I../../Middlewares/Third_Party/LwIP/src/include/compat/posix/arpa -I../../Middlewares/Third_Party/LwIP/src/include/compat/posix/net -I../../Middlewares/Third_Party/LwIP/src/include/compat/posix/sys -I../../Middlewares/Third_Party/LwIP/src/include/compat/stdc -I../../Middlewares/Third_Party/LwIP/system/arch -O0 -ffunction-sections -fdata-sections -Wall -fstack-usage -fcyclomatic-complexity -MMD -MP -MF"Middlewares/Third_Party/LwIP/ethernet.d" -MT"Middlewares/Third_Party/LwIP/ethernet.o" --specs=nano.specs -mfpu=fpv5-d16 -mfloat-abi=hard -mthumb -o "Middlewares/Third_Party/LwIP/ethernet.o"
arm-none-eabi-gcc "C:/Users/Maciek/Desktop/Rozwoj/UDP_BRIDGE/UDP_BRIDGE/UDP_BRIDGE/STM32/UDP/Middlewares/Third_Party/LwIP/src/core/ipv6/ethip6.c" -mcpu=cortex-m7 -std=gnu11 -g3 -DDEBUG -DCORE_CM7 -DUSE_HAL_DRIVER -DSTM32H745xx -c -I../Core/Inc -I../../Drivers/STM32H7xx_HAL_Driver/Inc -I../../Drivers/STM32H7xx_HAL_Driver/Inc/Legacy -I../../Drivers/CMSIS/Device/ST/STM32H7xx/Include -I../../Drivers/CMSIS/Include -I../LWIP/App -I../LWIP/Target -I../../Middlewares/Third_Party/LwIP/src/include -I../../Middlewares/Third_Party/LwIP/system -I../../Drivers/BSP/Components/lan8742 -I../../Middlewares/Third_Party/LwIP/src/include/netif/ppp -I../../Middlewares/Third_Party/LwIP/src/include/lwip -I../../Middlewares/Third_Party/LwIP/src/include/lwip/apps -I../../Middlewares/Third_Party/LwIP/src/include/lwip/priv -I../../Middlewares/Third_Party/LwIP/src/include/lwip/prot -I../../Middlewares/Third_Party/LwIP/src/include/netif -I../../Middlewares/Third_Party/LwIP/src/include/compat/posix -I../../Middlewares/Third_Party/LwIP/src/include/compat/posix/arpa -I../../Middlewares/Third_Party/LwIP/src/include/compat/posix/net -I../../Middlewares/Third_Party/LwIP/src/include/compat/posix/sys -I../../Middlewares/Third_Party/LwIP/src/include/compat/stdc -I../../Middlewares/Third_Party/LwIP/system/arch -O0 -ffunction-sections -fdata-sections -Wall -fstack-usage -fcyclomatic-complexity -MMD -MP -MF"Middlewares/Third_Party/LwIP/ethip6.d" -MT"Middlewares/Third_Party/LwIP/ethip6.o" --specs=nano.specs -mfpu=fpv5-d16 -mfloat-abi=hard -mthumb -o "Middlewares/Third_Party/LwIP/ethip6.o"
arm-none-eabi-gcc "C:/Users/Maciek/Desktop/Rozwoj/UDP_BRIDGE/UDP_BRIDGE/UDP_BRIDGE/STM32/UDP/Middlewares/Third_Party/LwIP/src/netif/ppp/eui64.c" -mcpu=cortex-m7 -std=gnu11 -g3 -DDEBUG -DCORE_CM7 -DUSE_HAL_DRIVER -DSTM32H745xx -c -I../Core/Inc -I../../Drivers/STM32H7xx_HAL_Driver/Inc -I../../Drivers/STM32H7xx_HAL_Driver/Inc/Legacy -I../../Drivers/CMSIS/Device/ST/STM32H7xx/Include -I../../Drivers/CMSIS/Include -I../LWIP/App -I../LWIP/Target -I../../Middlewares/Third_Party/LwIP/src/include -I../../Middlewares/Third_Party/LwIP/system -I../../Drivers/BSP/Components/lan8742 -I../../Middlewares/Third_Party/LwIP/src/include/netif/ppp -I../../Middlewares/Third_Party/LwIP/src/include/lwip -I../../Middlewares/Third_Party/LwIP/src/include/lwip/apps -I../../Middlewares/Third_Party/LwIP/src/include/lwip/priv -I../../Middlewares/Third_Party/LwIP/src/include/lwip/prot -I../../Middlewares/Third_Party/LwIP/src/include/netif -I../../Middlewares/Third_Party/LwIP/src/include/compat/posix -I../../Middlewares/Third_Party/LwIP/src/include/compat/posix/arpa -I../../Middlewares/Third_Party/LwIP/src/include/compat/posix/net -I../../Middlewares/Third_Party/LwIP/src/include/compat/posix/sys -I../../Middlewares/Third_Party/LwIP/src/include/compat/stdc -I../../Middlewares/Third_Party/LwIP/system/arch -O0 -ffunction-sections -fdata-sections -Wall -fstack-usage -fcyclomatic-complexity -MMD -MP -MF"Middlewares/Third_Party/LwIP/eui64.d" -MT"Middlewares/Third_Party/LwIP/eui64.o" --specs=nano.specs -mfpu=fpv5-d16 -mfloat-abi=hard -mthumb -o "Middlewares/Third_Party/LwIP/eui64.o"
arm-none-eabi-gcc "C:/Users/Maciek/Desktop/Rozwoj/UDP_BRIDGE/UDP_BRIDGE/UDP_BRIDGE/STM32/UDP/Middlewares/Third_Party/LwIP/src/netif/ppp/fsm.c" -mcpu=cortex-m7 -std=gnu11 -g3 -DDEBUG -DCORE_CM7 -DUSE_HAL_DRIVER -DSTM32H745xx -c -I../Core/Inc -I../../Drivers/STM32H7xx_HAL_Driver/Inc -I../../Drivers/STM32H7xx_HAL_Driver/Inc/Legacy -I../../Drivers/CMSIS/Device/ST/STM32H7xx/Include -I../../Drivers/CMSIS/Include -I../LWIP/App -I../LWIP/Target -I../../Middlewares/Third_Party/LwIP/src/include -I../../Middlewares/Third_Party/LwIP/system -I../../Drivers/BSP/Components/lan8742 -I../../Middlewares/Third_Party/LwIP/src/include/netif/ppp -I../../Middlewares/Third_Party/LwIP/src/include/lwip -I../../Middlewares/Third_Party/LwIP/src/include/lwip/apps -I../../Middlewares/Third_Party/LwIP/src/include/lwip/priv -I../../Middlewares/Third_Party/LwIP/src/include/lwip/prot -I../../Middlewares/Third_Party/LwIP/src/include/netif -I../../Middlewares/Third_Party/LwIP/src/include/compat/posix -I../../Middlewares/Third_Party/LwIP/src/include/compat/posix/arpa -I../../Middlewares/Third_Party/LwIP/src/include/compat/posix/net -I../../Middlewares/Third_Party/LwIP/src/include/compat/posix/sys -I../../Middlewares/Third_Party/LwIP/src/include/compat/stdc -I../../Middlewares/Third_Party/LwIP/system/arch -O0 -ffunction-sections -fdata-sections -Wall -fstack-usage -fcyclomatic-complexity -MMD -MP -MF"Middlewares/Third_Party/LwIP/fsm.d" -MT"Middlewares/Third_Party/LwIP/fsm.o" --specs=nano.specs -mfpu=fpv5-d16 -mfloat-abi=hard -mthumb -o "Middlewares/Third_Party/LwIP/fsm.o"
arm-none-eabi-gcc "C:/Users/Maciek/Desktop/Rozwoj/UDP_BRIDGE/UDP_BRIDGE/UDP_BRIDGE/STM32/UDP/Middlewares/Third_Party/LwIP/src/core/ipv4/icmp.c" -mcpu=cortex-m7 -std=gnu11 -g3 -DDEBUG -DCORE_CM7 -DUSE_HAL_DRIVER -DSTM32H745xx -c -I../Core/Inc -I../../Drivers/STM32H7xx_HAL_Driver/Inc -I../../Drivers/STM32H7xx_HAL_Driver/Inc/Legacy -I../../Drivers/CMSIS/Device/ST/STM32H7xx/Include -I../../Drivers/CMSIS/Include -I../LWIP/App -I../LWIP/Target -I../../Middlewares/Third_Party/LwIP/src/include -I../../Middlewares/Third_Party/LwIP/system -I../../Drivers/BSP/Components/lan8742 -I../../Middlewares/Third_Party/LwIP/src/include/netif/ppp -I../../Middlewares/Third_Party/LwIP/src/include/lwip -I../../Middlewares/Third_Party/LwIP/src/include/lwip/apps -I../../Middlewares/Third_Party/LwIP/src/include/lwip/priv -I../../Middlewares/Third_Party/LwIP/src/include/lwip/prot -I../../Middlewares/Third_Party/LwIP/src/include/netif -I../../Middlewares/Third_Party/LwIP/src/include/compat/posix -I../../Middlewares/Third_Party/LwIP/src/include/compat/posix/arpa -I../../Middlewares/Third_Party/LwIP/src/include/compat/posix/net -I../../Middlewares/Third_Party/LwIP/src/include/compat/posix/sys -I../../Middlewares/Third_Party/LwIP/src/include/compat/stdc -I../../Middlewares/Third_Party/LwIP/system/arch -O0 -ffunction-sections -fdata-sections -Wall -fstack-usage -fcyclomatic-complexity -MMD -MP -MF"Middlewares/Third_Party/LwIP/icmp.d" -MT"Middlewares/Third_Party/LwIP/icmp.o" --specs=nano.specs -mfpu=fpv5-d16 -mfloat-abi=hard -mthumb -o "Middlewares/Third_Party/LwIP/icmp.o"
arm-none-eabi-gcc "C:/Users/Maciek/Desktop/Rozwoj/UDP_BRIDGE/UDP_BRIDGE/UDP_BRIDGE/STM32/UDP/Middlewares/Third_Party/LwIP/src/core/ipv6/icmp6.c" -mcpu=cortex-m7 -std=gnu11 -g3 -DDEBUG -DCORE_CM7 -DUSE_HAL_DRIVER -DSTM32H745xx -c -I../Core/Inc -I../../Drivers/STM32H7xx_HAL_Driver/Inc -I../../Drivers/STM32H7xx_HAL_Driver/Inc/Legacy -I../../Drivers/CMSIS/Device/ST/STM32H7xx/Include -I../../Drivers/CMSIS/Include -I../LWIP/App -I../LWIP/Target -I../../Middlewares/Third_Party/LwIP/src/include -I../../Middlewares/Third_Party/LwIP/system -I../../Drivers/BSP/Components/lan8742 -I../../Middlewares/Third_Party/LwIP/src/include/netif/ppp -I../../Middlewares/Third_Party/LwIP/src/include/lwip -I../../Middlewares/Third_Party/LwIP/src/include/lwip/apps -I../../Middlewares/Third_Party/LwIP/src/include/lwip/priv -I../../Middlewares/Third_Party/LwIP/src/include/lwip/prot -I../../Middlewares/Third_Party/LwIP/src/include/netif -I../../Middlewares/Third_Party/LwIP/src/include/compat/posix -I../../Middlewares/Third_Party/LwIP/src/include/compat/posix/arpa -I../../Middlewares/Third_Party/LwIP/src/include/compat/posix/net -I../../Middlewares/Third_Party/LwIP/src/include/compat/posix/sys -I../../Middlewares/Third_Party/LwIP/src/include/compat/stdc -I../../Middlewares/Third_Party/LwIP/system/arch -O0 -ffunction-sections -fdata-sections -Wall -fstack-usage -fcyclomatic-complexity -MMD -MP -MF"Middlewares/Third_Party/LwIP/icmp6.d" -MT"Middlewares/Third_Party/LwIP/icmp6.o" --specs=nano.specs -mfpu=fpv5-d16 -mfloat-abi=hard -mthumb -o "Middlewares/Third_Party/LwIP/icmp6.o"
arm-none-eabi-gcc "C:/Users/Maciek/Desktop/Rozwoj/UDP_BRIDGE/UDP_BRIDGE/UDP_BRIDGE/STM32/UDP/Middlewares/Third_Party/LwIP/src/api/if_api.c" -mcpu=cortex-m7 -std=gnu11 -g3 -DDEBUG -DCORE_CM7 -DUSE_HAL_DRIVER -DSTM32H745xx -c -I../Core/Inc -I../../Drivers/STM32H7xx_HAL_Driver/Inc -I../../Drivers/STM32H7xx_HAL_Driver/Inc/Legacy -I../../Drivers/CMSIS/Device/ST/STM32H7xx/Include -I../../Drivers/CMSIS/Include -I../LWIP/App -I../LWIP/Target -I../../Middlewares/Third_Party/LwIP/src/include -I../../Middlewares/Third_Party/LwIP/system -I../../Drivers/BSP/Components/lan8742 -I../../Middlewares/Third_Party/LwIP/src/include/netif/ppp -I../../Middlewares/Third_Party/LwIP/src/include/lwip -I../../Middlewares/Third_Party/LwIP/src/include/lwip/apps -I../../Middlewares/Third_Party/LwIP/src/include/lwip/priv -I../../Middlewares/Third_Party/LwIP/src/include/lwip/prot -I../../Middlewares/Third_Party/LwIP/src/include/netif -I../../Middlewares/Third_Party/LwIP/src/include/compat/posix -I../../Middlewares/Third_Party/LwIP/src/include/compat/posix/arpa -I../../Middlewares/Third_Party/LwIP/src/include/compat/posix/net -I../../Middlewares/Third_Party/LwIP/src/include/compat/posix/sys -I../../Middlewares/Third_Party/LwIP/src/include/compat/stdc -I../../Middlewares/Third_Party/LwIP/system/arch -O0 -ffunction-sections -fdata-sections -Wall -fstack-usage -fcyclomatic-complexity -MMD -MP -MF"Middlewares/Third_Party/LwIP/if_api.d" -MT"Middlewares/Third_Party/LwIP/if_api.o" --specs=nano.specs -mfpu=fpv5-d16 -mfloat-abi=hard -mthumb -o "Middlewares/Third_Party/LwIP/if_api.o"
arm-none-eabi-gcc "C:/Users/Maciek/Desktop/Rozwoj/UDP_BRIDGE/UDP_BRIDGE/UDP_BRIDGE/STM32/UDP/Middlewares/Third_Party/LwIP/src/core/ipv4/igmp.c" -mcpu=cortex-m7 -std=gnu11 -g3 -DDEBUG -DCORE_CM7 -DUSE_HAL_DRIVER -DSTM32H745xx -c -I../Core/Inc -I../../Drivers/STM32H7xx_HAL_Driver/Inc -I../../Drivers/STM32H7xx_HAL_Driver/Inc/Legacy -I../../Drivers/CMSIS/Device/ST/STM32H7xx/Include -I../../Drivers/CMSIS/Include -I../LWIP/App -I../LWIP/Target -I../../Middlewares/Third_Party/LwIP/src/include -I../../Middlewares/Third_Party/LwIP/system -I../../Drivers/BSP/Components/lan8742 -I../../Middlewares/Third_Party/LwIP/src/include/netif/ppp -I../../Middlewares/Third_Party/LwIP/src/include/lwip -I../../Middlewares/Third_Party/LwIP/src/include/lwip/apps -I../../Middlewares/Third_Party/LwIP/src/include/lwip/priv -I../../Middlewares/Third_Party/LwIP/src/include/lwip/prot -I../../Middlewares/Third_Party/LwIP/src/include/netif -I../../Middlewares/Third_Party/LwIP/src/include/compat/posix -I../../Middlewares/Third_Party/LwIP/src/include/compat/posix/arpa -I../../Middlewares/Third_Party/LwIP/src/include/compat/posix/net -I../../Middlewares/Third_Party/LwIP/src/include/compat/posix/sys -I../../Middlewares/Third_Party/LwIP/src/include/compat/stdc -I../../Middlewares/Third_Party/LwIP/system/arch -O0 -ffunction-sections -fdata-sections -Wall -fstack-usage -fcyclomatic-complexity -MMD -MP -MF"Middlewares/Third_Party/LwIP/igmp.d" -MT"Middlewares/Third_Party/LwIP/igmp.o" --specs=nano.specs -mfpu=fpv5-d16 -mfloat-abi=hard -mthumb -o "Middlewares/Third_Party/LwIP/igmp.o"
arm-none-eabi-gcc "C:/Users/Maciek/Desktop/Rozwoj/UDP_BRIDGE/UDP_BRIDGE/UDP_BRIDGE/STM32/UDP/Middlewares/Third_Party/LwIP/src/core/ipv6/inet6.c" -mcpu=cortex-m7 -std=gnu11 -g3 -DDEBUG -DCORE_CM7 -DUSE_HAL_DRIVER -DSTM32H745xx -c -I../Core/Inc -I../../Drivers/STM32H7xx_HAL_Driver/Inc -I../../Drivers/STM32H7xx_HAL_Driver/Inc/Legacy -I../../Drivers/CMSIS/Device/ST/STM32H7xx/Include -I../../Drivers/CMSIS/Include -I../LWIP/App -I../LWIP/Target -I../../Middlewares/Third_Party/LwIP/src/include -I../../Middlewares/Third_Party/LwIP/system -I../../Drivers/BSP/Components/lan8742 -I../../Middlewares/Third_Party/LwIP/src/include/netif/ppp -I../../Middlewares/Third_Party/LwIP/src/include/lwip -I../../Middlewares/Third_Party/LwIP/src/include/lwip/apps -I../../Middlewares/Third_Party/LwIP/src/include/lwip/priv -I../../Middlewares/Third_Party/LwIP/src/include/lwip/prot -I../../Middlewares/Third_Party/LwIP/src/include/netif -I../../Middlewares/Third_Party/LwIP/src/include/compat/posix -I../../Middlewares/Third_Party/LwIP/src/include/compat/posix/arpa -I../../Middlewares/Third_Party/LwIP/src/include/compat/posix/net -I../../Middlewares/Third_Party/LwIP/src/include/compat/posix/sys -I../../Middlewares/Third_Party/LwIP/src/include/compat/stdc -I../../Middlewares/Third_Party/LwIP/system/arch -O0 -ffunction-sections -fdata-sections -Wall -fstack-usage -fcyclomatic-complexity -MMD -MP -MF"Middlewares/Third_Party/LwIP/inet6.d" -MT"Middlewares/Third_Party/LwIP/inet6.o" --specs=nano.specs -mfpu=fpv5-d16 -mfloat-abi=hard -mthumb -o "Middlewares/Third_Party/LwIP/inet6.o"
arm-none-eabi-gcc "C:/Users/Maciek/Desktop/Rozwoj/UDP_BRIDGE/UDP_BRIDGE/UDP_BRIDGE/STM32/UDP/Middlewares/Third_Party/LwIP/src/core/inet_chksum.c" -mcpu=cortex-m7 -std=gnu11 -g3 -DDEBUG -DCORE_CM7 -DUSE_HAL_DRIVER -DSTM32H745xx -c -I../Core/Inc -I../../Drivers/STM32H7xx_HAL_Driver/Inc -I../../Drivers/STM32H7xx_HAL_Driver/Inc/Legacy -I../../Drivers/CMSIS/Device/ST/STM32H7xx/Include -I../../Drivers/CMSIS/Include -I../LWIP/App -I../LWIP/Target -I../../Middlewares/Third_Party/LwIP/src/include -I../../Middlewares/Third_Party/LwIP/system -I../../Drivers/BSP/Components/lan8742 -I../../Middlewares/Third_Party/LwIP/src/include/netif/ppp -I../../Middlewares/Third_Party/LwIP/src/include/lwip -I../../Middlewares/Third_Party/LwIP/src/include/lwip/apps -I../../Middlewares/Third_Party/LwIP/src/include/lwip/priv -I../../Middlewares/Third_Party/LwIP/src/include/lwip/prot -I../../Middlewares/Third_Party/LwIP/src/include/netif -I../../Middlewares/Third_Party/LwIP/src/include/compat/posix -I../../Middlewares/Third_Party/LwIP/src/include/compat/posix/arpa -I../../Middlewares/Third_Party/LwIP/src/include/compat/posix/net -I../../Middlewares/Third_Party/LwIP/src/include/compat/posix/sys -I../../Middlewares/Third_Party/LwIP/src/include/compat/stdc -I../../Middlewares/Third_Party/LwIP/system/arch -O0 -ffunction-sections -fdata-sections -Wall -fstack-usage -fcyclomatic-complexity -MMD -MP -MF"Middlewares/Third_Party/LwIP/inet_chksum.d" -MT"Middlewares/Third_Party/LwIP/inet_chksum.o" --specs=nano.specs -mfpu=fpv5-d16 -mfloat-abi=hard -mthumb -o "Middlewares/Third_Party/LwIP/inet_chksum.o"
arm-none-eabi-gcc "C:/Users/Maciek/Desktop/Rozwoj/UDP_BRIDGE/UDP_BRIDGE/UDP_BRIDGE/STM32/UDP/Middlewares/Third_Party/LwIP/src/core/init.c" -mcpu=cortex-m7 -std=gnu11 -g3 -DDEBUG -DCORE_CM7 -DUSE_HAL_DRIVER -DSTM32H745xx -c -I../Core/Inc -I../../Drivers/STM32H7xx_HAL_Driver/Inc -I../../Drivers/STM32H7xx_HAL_Driver/Inc/Legacy -I../../Drivers/CMSIS/Device/ST/STM32H7xx/Include -I../../Drivers/CMSIS/Include -I../LWIP/App -I../LWIP/Target -I../../Middlewares/Third_Party/LwIP/src/include -I../../Middlewares/Third_Party/LwIP/system -I../../Drivers/BSP/Components/lan8742 -I../../Middlewares/Third_Party/LwIP/src/include/netif/ppp -I../../Middlewares/Third_Party/LwIP/src/include/lwip -I../../Middlewares/Third_Party/LwIP/src/include/lwip/apps -I../../Middlewares/Third_Party/LwIP/src/include/lwip/priv -I../../Middlewares/Third_Party/LwIP/src/include/lwip/prot -I../../Middlewares/Third_Party/LwIP/src/include/netif -I../../Middlewares/Third_Party/LwIP/src/include/compat/posix -I../../Middlewares/Third_Party/LwIP/src/include/compat/posix/arpa -I../../Middlewares/Third_Party/LwIP/src/include/compat/posix/net -I../../Middlewares/Third_Party/LwIP/src/include/compat/posix/sys -I../../Middlewares/Third_Party/LwIP/src/include/compat/stdc -I../../Middlewares/Third_Party/LwIP/system/arch -O0 -ffunction-sections -fdata-sections -Wall -fstack-usage -fcyclomatic-complexity -MMD -MP -MF"Middlewares/Third_Party/LwIP/init.d" -MT"Middlewares/Third_Party/LwIP/init.o" --specs=nano.specs -mfpu=fpv5-d16 -mfloat-abi=hard -mthumb -o "Middlewares/Third_Party/LwIP/init.o"
arm-none-eabi-gcc "C:/Users/Maciek/Desktop/Rozwoj/UDP_BRIDGE/UDP_BRIDGE/UDP_BRIDGE/STM32/UDP/Middlewares/Third_Party/LwIP/src/core/ip.c" -mcpu=cortex-m7 -std=gnu11 -g3 -DDEBUG -DCORE_CM7 -DUSE_HAL_DRIVER -DSTM32H745xx -c -I../Core/Inc -I../../Drivers/STM32H7xx_HAL_Driver/Inc -I../../Drivers/STM32H7xx_HAL_Driver/Inc/Legacy -I../../Drivers/CMSIS/Device/ST/STM32H7xx/Include -I../../Drivers/CMSIS/Include -I../LWIP/App -I../LWIP/Target -I../../Middlewares/Third_Party/LwIP/src/include -I../../Middlewares/Third_Party/LwIP/system -I../../Drivers/BSP/Components/lan8742 -I../../Middlewares/Third_Party/LwIP/src/include/netif/ppp -I../../Middlewares/Third_Party/LwIP/src/include/lwip -I../../Middlewares/Third_Party/LwIP/src/include/lwip/apps -I../../Middlewares/Third_Party/LwIP/src/include/lwip/priv -I../../Middlewares/Third_Party/LwIP/src/include/lwip/prot -I../../Middlewares/Third_Party/LwIP/src/include/netif -I../../Middlewares/Third_Party/LwIP/src/include/compat/posix -I../../Middlewares/Third_Party/LwIP/src/include/compat/posix/arpa -I../../Middlewares/Third_Party/LwIP/src/include/compat/posix/net -I../../Middlewares/Third_Party/LwIP/src/include/compat/posix/sys -I../../Middlewares/Third_Party/LwIP/src/include/compat/stdc -I../../Middlewares/Third_Party/LwIP/system/arch -O0 -ffunction-sections -fdata-sections -Wall -fstack-usage -fcyclomatic-complexity -MMD -MP -MF"Middlewares/Third_Party/LwIP/ip.d" -MT"Middlewares/Third_Party/LwIP/ip.o" --specs=nano.specs -mfpu=fpv5-d16 -mfloat-abi=hard -mthumb -o "Middlewares/Third_Party/LwIP/ip.o"
arm-none-eabi-gcc "C:/Users/Maciek/Desktop/Rozwoj/UDP_BRIDGE/UDP_BRIDGE/UDP_BRIDGE/STM32/UDP/Middlewares/Third_Party/LwIP/src/core/ipv4/ip4.c" -mcpu=cortex-m7 -std=gnu11 -g3 -DDEBUG -DCORE_CM7 -DUSE_HAL_DRIVER -DSTM32H745xx -c -I../Core/Inc -I../../Drivers/STM32H7xx_HAL_Driver/Inc -I../../Drivers/STM32H7xx_HAL_Driver/Inc/Legacy -I../../Drivers/CMSIS/Device/ST/STM32H7xx/Include -I../../Drivers/CMSIS/Include -I../LWIP/App -I../LWIP/Target -I../../Middlewares/Third_Party/LwIP/src/include -I../../Middlewares/Third_Party/LwIP/system -I../../Drivers/BSP/Components/lan8742 -I../../Middlewares/Third_Party/LwIP/src/include/netif/ppp -I../../Middlewares/Third_Party/LwIP/src/include/lwip -I../../Middlewares/Third_Party/LwIP/src/include/lwip/apps -I../../Middlewares/Third_Party/LwIP/src/include/lwip/priv -I../../Middlewares/Third_Party/LwIP/src/include/lwip/prot -I../../Middlewares/Third_Party/LwIP/src/include/netif -I../../Middlewares/Third_Party/LwIP/src/include/compat/posix -I../../Middlewares/Third_Party/LwIP/src/include/compat/posix/arpa -I../../Middlewares/Third_Party/LwIP/src/include/compat/posix/net -I../../Middlewares/Third_Party/LwIP/src/include/compat/posix/sys -I../../Middlewares/Third_Party/LwIP/src/include/compat/stdc -I../../Middlewares/Third_Party/LwIP/system/arch -O0 -ffunction-sections -fdata-sections -Wall -fstack-usage -fcyclomatic-complexity -MMD -MP -MF"Middlewares/Third_Party/LwIP/ip4.d" -MT"Middlewares/Third_Party/LwIP/ip4.o" --specs=nano.specs -mfpu=fpv5-d16 -mfloat-abi=hard -mthumb -o "Middlewares/Third_Party/LwIP/ip4.o"
arm-none-eabi-gcc "C:/Users/Maciek/Desktop/Rozwoj/UDP_BRIDGE/UDP_BRIDGE/UDP_BRIDGE/STM32/UDP/Middlewares/Third_Party/LwIP/src/core/ipv4/ip4_addr.c" -mcpu=cortex-m7 -std=gnu11 -g3 -DDEBUG -DCORE_CM7 -DUSE_HAL_DRIVER -DSTM32H745xx -c -I../Core/Inc -I../../Drivers/STM32H7xx_HAL_Driver/Inc -I../../Drivers/STM32H7xx_HAL_Driver/Inc/Legacy -I../../Drivers/CMSIS/Device/ST/STM32H7xx/Include -I../../Drivers/CMSIS/Include -I../LWIP/App -I../LWIP/Target -I../../Middlewares/Third_Party/LwIP/src/include -I../../Middlewares/Third_Party/LwIP/system -I../../Drivers/BSP/Components/lan8742 -I../../Middlewares/Third_Party/LwIP/src/include/netif/ppp -I../../Middlewares/Third_Party/LwIP/src/include/lwip -I../../Middlewares/Third_Party/LwIP/src/include/lwip/apps -I../../Middlewares/Third_Party/LwIP/src/include/lwip/priv -I../../Middlewares/Third_Party/LwIP/src/include/lwip/prot -I../../Middlewares/Third_Party/LwIP/src/include/netif -I../../Middlewares/Third_Party/LwIP/src/include/compat/posix -I../../Middlewares/Third_Party/LwIP/src/include/compat/posix/arpa -I../../Middlewares/Third_Party/LwIP/src/include/compat/posix/net -I../../Middlewares/Third_Party/LwIP/src/include/compat/posix/sys -I../../Middlewares/Third_Party/LwIP/src/include/compat/stdc -I../../Middlewares/Third_Party/LwIP/system/arch -O0 -ffunction-sections -fdata-sections -Wall -fstack-usage -fcyclomatic-complexity -MMD -MP -MF"Middlewares/Third_Party/LwIP/ip4_addr.d" -MT"Middlewares/Third_Party/LwIP/ip4_addr.o" --specs=nano.specs -mfpu=fpv5-d16 -mfloat-abi=hard -mthumb -o "Middlewares/Third_Party/LwIP/ip4_addr.o"
arm-none-eabi-gcc "C:/Users/Maciek/Desktop/Rozwoj/UDP_BRIDGE/UDP_BRIDGE/UDP_BRIDGE/STM32/UDP/Middlewares/Third_Party/LwIP/src/core/ipv4/ip4_frag.c" -mcpu=cortex-m7 -std=gnu11 -g3 -DDEBUG -DCORE_CM7 -DUSE_HAL_DRIVER -DSTM32H745xx -c -I../Core/Inc -I../../Drivers/STM32H7xx_HAL_Driver/Inc -I../../Drivers/STM32H7xx_HAL_Driver/Inc/Legacy -I../../Drivers/CMSIS/Device/ST/STM32H7xx/Include -I../../Drivers/CMSIS/Include -I../LWIP/App -I../LWIP/Target -I../../Middlewares/Third_Party/LwIP/src/include -I../../Middlewares/Third_Party/LwIP/system -I../../Drivers/BSP/Components/lan8742 -I../../Middlewares/Third_Party/LwIP/src/include/netif/ppp -I../../Middlewares/Third_Party/LwIP/src/include/lwip -I../../Middlewares/Third_Party/LwIP/src/include/lwip/apps -I../../Middlewares/Third_Party/LwIP/src/include/lwip/priv -I../../Middlewares/Third_Party/LwIP/src/include/lwip/prot -I../../Middlewares/Third_Party/LwIP/src/include/netif -I../../Middlewares/Third_Party/LwIP/src/include/compat/posix -I../../Middlewares/Third_Party/LwIP/src/include/compat/posix/arpa -I../../Middlewares/Third_Party/LwIP/src/include/compat/posix/net -I../../Middlewares/Third_Party/LwIP/src/include/compat/posix/sys -I../../Middlewares/Third_Party/LwIP/src/include/compat/stdc -I../../Middlewares/Third_Party/LwIP/system/arch -O0 -ffunction-sections -fdata-sections -Wall -fstack-usage -fcyclomatic-complexity -MMD -MP -MF"Middlewares/Third_Party/LwIP/ip4_frag.d" -MT"Middlewares/Third_Party/LwIP/ip4_frag.o" --specs=nano.specs -mfpu=fpv5-d16 -mfloat-abi=hard -mthumb -o "Middlewares/Third_Party/LwIP/ip4_frag.o"
arm-none-eabi-gcc "C:/Users/Maciek/Desktop/Rozwoj/UDP_BRIDGE/UDP_BRIDGE/UDP_BRIDGE/STM32/UDP/Middlewares/Third_Party/LwIP/src/core/ipv6/ip6.c" -mcpu=cortex-m7 -std=gnu11 -g3 -DDEBUG -DCORE_CM7 -DUSE_HAL_DRIVER -DSTM32H745xx -c -I../Core/Inc -I../../Drivers/STM32H7xx_HAL_Driver/Inc -I../../Drivers/STM32H7xx_HAL_Driver/Inc/Legacy -I../../Drivers/CMSIS/Device/ST/STM32H7xx/Include -I../../Drivers/CMSIS/Include -I../LWIP/App -I../LWIP/Target -I../../Middlewares/Third_Party/LwIP/src/include -I../../Middlewares/Third_Party/LwIP/system -I../../Drivers/BSP/Components/lan8742 -I../../Middlewares/Third_Party/LwIP/src/include/netif/ppp -I../../Middlewares/Third_Party/LwIP/src/include/lwip -I../../Middlewares/Third_Party/LwIP/src/include/lwip/apps -I../../Middlewares/Third_Party/LwIP/src/include/lwip/priv -I../../Middlewares/Third_Party/LwIP/src/include/lwip/prot -I../../Middlewares/Third_Party/LwIP/src/include/netif -I../../Middlewares/Third_Party/LwIP/src/include/compat/posix -I../../Middlewares/Third_Party/LwIP/src/include/compat/posix/arpa -I../../Middlewares/Third_Party/LwIP/src/include/compat/posix/net -I../../Middlewares/Third_Party/LwIP/src/include/compat/posix/sys -I../../Middlewares/Third_Party/LwIP/src/include/compat/stdc -I../../Middlewares/Third_Party/LwIP/system/arch -O0 -ffunction-sections -fdata-sections -Wall -fstack-usage -fcyclomatic-complexity -MMD -MP -MF"Middlewares/Third_Party/LwIP/ip6.d" -MT"Middlewares/Third_Party/LwIP/ip6.o" --specs=nano.specs -mfpu=fpv5-d16 -mfloat-abi=hard -mthumb -o "Middlewares/Third_Party/LwIP/ip6.o"
arm-none-eabi-gcc "C:/Users/Maciek/Desktop/Rozwoj/UDP_BRIDGE/UDP_BRIDGE/UDP_BRIDGE/STM32/UDP/Middlewares/Third_Party/LwIP/src/core/ipv6/ip6_addr.c" -mcpu=cortex-m7 -std=gnu11 -g3 -DDEBUG -DCORE_CM7 -DUSE_HAL_DRIVER -DSTM32H745xx -c -I../Core/Inc -I../../Drivers/STM32H7xx_HAL_Driver/Inc -I../../Drivers/STM32H7xx_HAL_Driver/Inc/Legacy -I../../Drivers/CMSIS/Device/ST/STM32H7xx/Include -I../../Drivers/CMSIS/Include -I../LWIP/App -I../LWIP/Target -I../../Middlewares/Third_Party/LwIP/src/include -I../../Middlewares/Third_Party/LwIP/system -I../../Drivers/BSP/Components/lan8742 -I../../Middlewares/Third_Party/LwIP/src/include/netif/ppp -I../../Middlewares/Third_Party/LwIP/src/include/lwip -I../../Middlewares/Third_Party/LwIP/src/include/lwip/apps -I../../Middlewares/Third_Party/LwIP/src/include/lwip/priv -I../../Middlewares/Third_Party/LwIP/src/include/lwip/prot -I../../Middlewares/Third_Party/LwIP/src/include/netif -I../../Middlewares/Third_Party/LwIP/src/include/compat/posix -I../../Middlewares/Third_Party/LwIP/src/include/compat/posix/arpa -I../../Middlewares/Third_Party/LwIP/src/include/compat/posix/net -I../../Middlewares/Third_Party/LwIP/src/include/compat/posix/sys -I../../Middlewares/Third_Party/LwIP/src/include/compat/stdc -I../../Middlewares/Third_Party/LwIP/system/arch -O0 -ffunction-sections -fdata-sections -Wall -fstack-usage -fcyclomatic-complexity -MMD -MP -MF"Middlewares/Third_Party/LwIP/ip6_addr.d" -MT"Middlewares/Third_Party/LwIP/ip6_addr.o" --specs=nano.specs -mfpu=fpv5-d16 -mfloat-abi=hard -mthumb -o "Middlewares/Third_Party/LwIP/ip6_addr.o"
[...]
arm-none-eabi-gcc "C:/Users/Maciek/Desktop/Rozwoj/UDP_BRIDGE/UDP_BRIDGE/UDP_BRIDGE/STM32/UDP/Drivers/STM32H7xx_HAL_Driver/Src/stm32h7xx_hal_rcc.c" -mcpu=cortex-m7 -std=gnu11 -g3 -DDEBUG -DCORE_CM7 -DUSE_HAL_DRIVER -DSTM32H745xx -c -I../Core/Inc -I../../Drivers/STM32H7xx_HAL_Driver/Inc -I../../Drivers/STM32H7xx_HAL_Driver/Inc/Legacy -I../../Drivers/CMSIS/Device/ST/STM32H7xx/Include -I../../Drivers/CMSIS/Include -I../LWIP/App -I../LWIP/Target -I../../Middlewares/Third_Party/LwIP/src/include -I../../Middlewares/Third_Party/LwIP/system -I../../Drivers/BSP/Components/lan8742 -I../../Middlewares/Third_Party/LwIP/src/include/netif/ppp -I../../Middlewares/Third_Party/LwIP/src/include/lwip -I../../Middlewares/Third_Party/LwIP/src/include/lwip/apps -I../../Middlewares/Third_Party/LwIP/src/include/lwip/priv -I../../Middlewares/Third_Party/LwIP/src/include/lwip/prot -I../../Middlewares/Third_Party/LwIP/src/include/netif -I../../Middlewares/Third_Party/LwIP/src/include/compat/posix -I../../Middlewares/Third_Party/LwIP/src/include/compat/posix/arpa -I../../Middlewares/Third_Party/LwIP/src/include/compat/posix/net -I../../Middlewares/Third_Party/LwIP/src/include/compat/posix/sys -I../../Middlewares/Third_Party/LwIP/src/include/compat/stdc -I../../Middlewares/Third_Party/LwIP/system/arch -O0 -ffunction-sections -fdata-sections -Wall -fstack-usage -fcyclomatic-complexity -MMD -MP -MF"Drivers/STM32H7xx_HAL_Driver/stm32h7xx_hal_rcc.d" -MT"Drivers/STM32H7xx_HAL_Driver/stm32h7xx_hal_rcc.o" --specs=nano.specs -mfpu=fpv5-d16 -mfloat-abi=hard -mthumb -o "Drivers/STM32H7xx_HAL_Driver/stm32h7xx_hal_rcc.o"
arm-none-eabi-gcc "C:/Users/Maciek/Desktop/Rozwoj/UDP_BRIDGE/UDP_BRIDGE/UDP_BRIDGE/STM32/UDP/Drivers/STM32H7xx_HAL_Driver/Src/stm32h7xx_hal_rcc_ex.c" -mcpu=cortex-m7 -std=gnu11 -g3 -DDEBUG -DCORE_CM7 -DUSE_HAL_DRIVER -DSTM32H745xx -c -I../Core/Inc -I../../Drivers/STM32H7xx_HAL_Driver/Inc -I../../Drivers/STM32H7xx_HAL_Driver/Inc/Legacy -I../../Drivers/CMSIS/Device/ST/STM32H7xx/Include -I../../Drivers/CMSIS/Include -I../LWIP/App -I../LWIP/Target -I../../Middlewares/Third_Party/LwIP/src/include -I../../Middlewares/Third_Party/LwIP/system -I../../Drivers/BSP/Components/lan8742 -I../../Middlewares/Third_Party/LwIP/src/include/netif/ppp -I../../Middlewares/Third_Party/LwIP/src/include/lwip -I../../Middlewares/Third_Party/LwIP/src/include/lwip/apps -I../../Middlewares/Third_Party/LwIP/src/include/lwip/priv -I../../Middlewares/Third_Party/LwIP/src/include/lwip/prot -I../../Middlewares/Third_Party/LwIP/src/include/netif -I../../Middlewares/Third_Party/LwIP/src/include/compat/posix -I../../Middlewares/Third_Party/LwIP/src/include/compat/posix/arpa -I../../Middlewares/Third_Party/LwIP/src/include/compat/posix/net -I../../Middlewares/Third_Party/LwIP/src/include/compat/posix/sys -I../../Middlewares/Third_Party/LwIP/src/include/compat/stdc -I../../Middlewares/Third_Party/LwIP/system/arch -O0 -ffunction-sections -fdata-sections -Wall -fstack-usage -fcyclomatic-complexity -MMD -MP -MF"Drivers/STM32H7xx_HAL_Driver/stm32h7xx_hal_rcc_ex.d" -MT"Drivers/STM32H7xx_HAL_Driver/stm32h7xx_hal_rcc_ex.o" --specs=nano.specs -mfpu=fpv5-d16 -mfloat-abi=hard -mthumb -o "Drivers/STM32H7xx_HAL_Driver/stm32h7xx_hal_rcc_ex.o"
arm-none-eabi-gcc "C:/Users/Maciek/Desktop/Rozwoj/UDP_BRIDGE/UDP_BRIDGE/UDP_BRIDGE/STM32/UDP/Drivers/STM32H7xx_HAL_Driver/Src/stm32h7xx_hal_tim.c" -mcpu=cortex-m7 -std=gnu11 -g3 -DDEBUG -DCORE_CM7 -DUSE_HAL_DRIVER -DSTM32H745xx -c -I../Core/Inc -I../../Drivers/STM32H7xx_HAL_Driver/Inc -I../../Drivers/STM32H7xx_HAL_Driver/Inc/Legacy -I../../Drivers/CMSIS/Device/ST/STM32H7xx/Include -I../../Drivers/CMSIS/Include -I../LWIP/App -I../LWIP/Target -I../../Middlewares/Third_Party/LwIP/src/include -I../../Middlewares/Third_Party/LwIP/system -I../../Drivers/BSP/Components/lan8742 -I../../Middlewares/Third_Party/LwIP/src/include/netif/ppp -I../../Middlewares/Third_Party/LwIP/src/include/lwip -I../../Middlewares/Third_Party/LwIP/src/include/lwip/apps -I../../Middlewares/Third_Party/LwIP/src/include/lwip/priv -I../../Middlewares/Third_Party/LwIP/src/include/lwip/prot -I../../Middlewares/Third_Party/LwIP/src/include/netif -I../../Middlewares/Third_Party/LwIP/src/include/compat/posix -I../../Middlewares/Third_Party/LwIP/src/include/compat/posix/arpa -I../../Middlewares/Third_Party/LwIP/src/include/compat/posix/net -I../../Middlewares/Third_Party/LwIP/src/include/compat/posix/sys -I../../Middlewares/Third_Party/LwIP/src/include/compat/stdc -I../../Middlewares/Third_Party/LwIP/system/arch -O0 -ffunction-sections -fdata-sections -Wall -fstack-usage -fcyclomatic-complexity -MMD -MP -MF"Drivers/STM32H7xx_HAL_Driver/stm32h7xx_hal_tim.d" -MT"Drivers/STM32H7xx_HAL_Driver/stm32h7xx_hal_tim.o" --specs=nano.specs -mfpu=fpv5-d16 -mfloat-abi=hard -mthumb -o "Drivers/STM32H7xx_HAL_Driver/stm32h7xx_hal_tim.o"
arm-none-eabi-gcc "C:/Users/Maciek/Desktop/Rozwoj/UDP_BRIDGE/UDP_BRIDGE/UDP_BRIDGE/STM32/UDP/Drivers/STM32H7xx_HAL_Driver/Src/stm32h7xx_hal_tim_ex.c" -mcpu=cortex-m7 -std=gnu11 -g3 -DDEBUG -DCORE_CM7 -DUSE_HAL_DRIVER -DSTM32H745xx -c -I../Core/Inc -I../../Drivers/STM32H7xx_HAL_Driver/Inc -I../../Drivers/STM32H7xx_HAL_Driver/Inc/Legacy -I../../Drivers/CMSIS/Device/ST/STM32H7xx/Include -I../../Drivers/CMSIS/Include -I../LWIP/App -I../LWIP/Target -I../../Middlewares/Third_Party/LwIP/src/include -I../../Middlewares/Third_Party/LwIP/system -I../../Drivers/BSP/Components/lan8742 -I../../Middlewares/Third_Party/LwIP/src/include/netif/ppp -I../../Middlewares/Third_Party/LwIP/src/include/lwip -I../../Middlewares/Third_Party/LwIP/src/include/lwip/apps -I../../Middlewares/Third_Party/LwIP/src/include/lwip/priv -I../../Middlewares/Third_Party/LwIP/src/include/lwip/prot -I../../Middlewares/Third_Party/LwIP/src/include/netif -I../../Middlewares/Third_Party/LwIP/src/include/compat/posix -I../../Middlewares/Third_Party/LwIP/src/include/compat/posix/arpa -I../../Middlewares/Third_Party/LwIP/src/include/compat/posix/net -I../../Middlewares/Third_Party/LwIP/src/include/compat/posix/sys -I../../Middlewares/Third_Party/LwIP/src/include/compat/stdc -I../../Middlewares/Third_Party/LwIP/system/arch -O0 -ffunction-sections -fdata-sections -Wall -fstack-usage -fcyclomatic-complexity -MMD -MP -MF"Drivers/STM32H7xx_HAL_Driver/stm32h7xx_hal_tim_ex.d" -MT"Drivers/STM32H7xx_HAL_Driver/stm32h7xx_hal_tim_ex.o" --specs=nano.specs -mfpu=fpv5-d16 -mfloat-abi=hard -mthumb -o "Drivers/STM32H7xx_HAL_Driver/stm32h7xx_hal_tim_ex.o"
arm-none-eabi-gcc "C:/Users/Maciek/Desktop/Rozwoj/UDP_BRIDGE/UDP_BRIDGE/UDP_BRIDGE/STM32/UDP/Drivers/BSP/Components/lan8742/lan8742.c" -mcpu=cortex-m7 -std=gnu11 -g3 -DDEBUG -DCORE_CM7 -DUSE_HAL_DRIVER -DSTM32H745xx -c -I../Core/Inc -I../../Drivers/STM32H7xx_HAL_Driver/Inc -I../../Drivers/STM32H7xx_HAL_Driver/Inc/Legacy -I../../Drivers/CMSIS/Device/ST/STM32H7xx/Include -I../../Drivers/CMSIS/Include -I../LWIP/App -I../LWIP/Target -I../../Middlewares/Third_Party/LwIP/src/include -I../../Middlewares/Third_Party/LwIP/system -I../../Drivers/BSP/Components/lan8742 -I../../Middlewares/Third_Party/LwIP/src/include/netif/ppp -I../../Middlewares/Third_Party/LwIP/src/include/lwip -I../../Middlewares/Third_Party/LwIP/src/include/lwip/apps -I../../Middlewares/Third_Party/LwIP/src/include/lwip/priv -I../../Middlewares/Third_Party/LwIP/src/include/lwip/prot -I../../Middlewares/Third_Party/LwIP/src/include/netif -I../../Middlewares/Third_Party/LwIP/src/include/compat/posix -I../../Middlewares/Third_Party/LwIP/src/include/compat/posix/arpa -I../../Middlewares/Third_Party/LwIP/src/include/compat/posix/net -I../../Middlewares/Third_Party/LwIP/src/include/compat/posix/sys -I../../Middlewares/Third_Party/LwIP/src/include/compat/stdc -I../../Middlewares/Third_Party/LwIP/system/arch -O0 -ffunction-sections -fdata-sections -Wall -fstack-usage -fcyclomatic-complexity -MMD -MP -MF"Drivers/BSP/Components/lan8742.d" -MT"Drivers/BSP/Components/lan8742.o" --specs=nano.specs -mfpu=fpv5-d16 -mfloat-abi=hard -mthumb -o "Drivers/BSP/Components/lan8742.o"
arm-none-eabi-gcc -mcpu=cortex-m7 -g3 -DDEBUG -c -x assembler-with-cpp -MMD -MP -MF"Core/Startup/startup_stm32h745zitx.d" -MT"Core/Startup/startup_stm32h745zitx.o" --specs=nano.specs -mfpu=fpv5-d16 -mfloat-abi=hard -mthumb -o "Core/Startup/startup_stm32h745zitx.o" "../Core/Startup/startup_stm32h745zitx.s"
arm-none-eabi-gcc "../Core/Src/main.c" -mcpu=cortex-m7 -std=gnu11 -g3 -DDEBUG -DCORE_CM7 -DUSE_HAL_DRIVER -DSTM32H745xx -c -I../Core/Inc -I../../Drivers/STM32H7xx_HAL_Driver/Inc -I../../Drivers/STM32H7xx_HAL_Driver/Inc/Legacy -I../../Drivers/CMSIS/Device/ST/STM32H7xx/Include -I../../Drivers/CMSIS/Include -I../LWIP/App -I../LWIP/Target -I../../Middlewares/Third_Party/LwIP/src/include -I../../Middlewares/Third_Party/LwIP/system -I../../Drivers/BSP/Components/lan8742 -I../../Middlewares/Third_Party/LwIP/src/include/netif/ppp -I../../Middlewares/Third_Party/LwIP/src/include/lwip -I../../Middlewares/Third_Party/LwIP/src/include/lwip/apps -I../../Middlewares/Third_Party/LwIP/src/include/lwip/priv -I../../Middlewares/Third_Party/LwIP/src/include/lwip/prot -I../../Middlewares/Third_Party/LwIP/src/include/netif -I../../Middlewares/Third_Party/LwIP/src/include/compat/posix -I../../Middlewares/Third_Party/LwIP/src/include/compat/posix/arpa -I../../Middlewares/Third_Party/LwIP/src/include/compat/posix/net -I../../Middlewares/Third_Party/LwIP/src/include/compat/posix/sys -I../../Middlewares/Third_Party/LwIP/src/include/compat/stdc -I../../Middlewares/Third_Party/LwIP/system/arch -O0 -ffunction-sections -fdata-sections -Wall -fstack-usage -fcyclomatic-complexity -MMD -MP -MF"Core/Src/main.d" -MT"Core/Src/main.o" --specs=nano.specs -mfpu=fpv5-d16 -mfloat-abi=hard -mthumb -o "Core/Src/main.o"
arm-none-eabi-gcc "../Core/Src/stm32h7xx_hal_msp.c" -mcpu=cortex-m7 -std=gnu11 -g3 -DDEBUG -DCORE_CM7 -DUSE_HAL_DRIVER -DSTM32H745xx -c -I../Core/Inc -I../../Drivers/STM32H7xx_HAL_Driver/Inc -I../../Drivers/STM32H7xx_HAL_Driver/Inc/Legacy -I../../Drivers/CMSIS/Device/ST/STM32H7xx/Include -I../../Drivers/CMSIS/Include -I../LWIP/App -I../LWIP/Target -I../../Middlewares/Third_Party/LwIP/src/include -I../../Middlewares/Third_Party/LwIP/system -I../../Drivers/BSP/Components/lan8742 -I../../Middlewares/Third_Party/LwIP/src/include/netif/ppp -I../../Middlewares/Third_Party/LwIP/src/include/lwip -I../../Middlewares/Third_Party/LwIP/src/include/lwip/apps -I../../Middlewares/Third_Party/LwIP/src/include/lwip/priv -I../../Middlewares/Third_Party/LwIP/src/include/lwip/prot -I../../Middlewares/Third_Party/LwIP/src/include/netif -I../../Middlewares/Third_Party/LwIP/src/include/compat/posix -I../../Middlewares/Third_Party/LwIP/src/include/compat/posix/arpa -I../../Middlewares/Third_Party/LwIP/src/include/compat/posix/net -I../../Middlewares/Third_Party/LwIP/src/include/compat/posix/sys -I../../Middlewares/Third_Party/LwIP/src/include/compat/stdc -I../../Middlewares/Third_Party/LwIP/system/arch -O0 -ffunction-sections -fdata-sections -Wall -fstack-usage -fcyclomatic-complexity -MMD -MP -MF"Core/Src/stm32h7xx_hal_msp.d" -MT"Core/Src/stm32h7xx_hal_msp.o" --specs=nano.specs -mfpu=fpv5-d16 -mfloat-abi=hard -mthumb -o "Core/Src/stm32h7xx_hal_msp.o"
arm-none-eabi-gcc "../Core/Src/stm32h7xx_it.c" -mcpu=cortex-m7 -std=gnu11 -g3 -DDEBUG -DCORE_CM7 -DUSE_HAL_DRIVER -DSTM32H745xx -c -I../Core/Inc -I../../Drivers/STM32H7xx_HAL_Driver/Inc -I../../Drivers/STM32H7xx_HAL_Driver/Inc/Legacy -I../../Drivers/CMSIS/Device/ST/STM32H7xx/Include -I../../Drivers/CMSIS/Include -I../LWIP/App -I../LWIP/Target -I../../Middlewares/Third_Party/LwIP/src/include -I../../Middlewares/Third_Party/LwIP/system -I../../Drivers/BSP/Components/lan8742 -I../../Middlewares/Third_Party/LwIP/src/include/netif/ppp -I../../Middlewares/Third_Party/LwIP/src/include/lwip -I../../Middlewares/Third_Party/LwIP/src/include/lwip/apps -I../../Middlewares/Third_Party/LwIP/src/include/lwip/priv -I../../Middlewares/Third_Party/LwIP/src/include/lwip/prot -I../../Middlewares/Third_Party/LwIP/src/include/netif -I../../Middlewares/Third_Party/LwIP/src/include/compat/posix -I../../Middlewares/Third_Party/LwIP/src/include/compat/posix/arpa -I../../Middlewares/Third_Party/LwIP/src/include/compat/posix/net -I../../Middlewares/Third_Party/LwIP/src/include/compat/posix/sys -I../../Middlewares/Third_Party/LwIP/src/include/compat/stdc -I../../Middlewares/Third_Party/LwIP/system/arch -O0 -ffunction-sections -fdata-sections -Wall -fstack-usage -fcyclomatic-complexity -MMD -MP -MF"Core/Src/stm32h7xx_it.d" -MT"Core/Src/stm32h7xx_it.o" --specs=nano.specs -mfpu=fpv5-d16 -mfloat-abi=hard -mthumb -o "Core/Src/stm32h7xx_it.o"
arm-none-eabi-gcc "../Core/Src/syscalls.c" -mcpu=cortex-m7 -std=gnu11 -g3 -DDEBUG -DCORE_CM7 -DUSE_HAL_DRIVER -DSTM32H745xx -c -I../Core/Inc -I../../Drivers/STM32H7xx_HAL_Driver/Inc -I../../Drivers/STM32H7xx_HAL_Driver/Inc/Legacy -I../../Drivers/CMSIS/Device/ST/STM32H7xx/Include -I../../Drivers/CMSIS/Include -I../LWIP/App -I../LWIP/Target -I../../Middlewares/Third_Party/LwIP/src/include -I../../Middlewares/Third_Party/LwIP/system -I../../Drivers/BSP/Components/lan8742 -I../../Middlewares/Third_Party/LwIP/src/include/netif/ppp -I../../Middlewares/Third_Party/LwIP/src/include/lwip -I../../Middlewares/Third_Party/LwIP/src/include/lwip/apps -I../../Middlewares/Third_Party/LwIP/src/include/lwip/priv -I../../Middlewares/Third_Party/LwIP/src/include/lwip/prot -I../../Middlewares/Third_Party/LwIP/src/include/netif -I../../Middlewares/Third_Party/LwIP/src/include/compat/posix -I../../Middlewares/Third_Party/LwIP/src/include/compat/posix/arpa -I../../Middlewares/Third_Party/LwIP/src/include/compat/posix/net -I../../Middlewares/Third_Party/LwIP/src/include/compat/posix/sys -I../../Middlewares/Third_Party/LwIP/src/include/compat/stdc -I../../Middlewares/Third_Party/LwIP/system/arch -O0 -ffunction-sections -fdata-sections -Wall -fstack-usage -fcyclomatic-complexity -MMD -MP -MF"Core/Src/syscalls.d" -MT"Core/Src/syscalls.o" --specs=nano.specs -mfpu=fpv5-d16 -mfloat-abi=hard -mthumb -o "Core/Src/syscalls.o"
arm-none-eabi-gcc "../Core/Src/sysmem.c" -mcpu=cortex-m7 -std=gnu11 -g3 -DDEBUG -DCORE_CM7 -DUSE_HAL_DRIVER -DSTM32H745xx -c -I../Core/Inc -I../../Drivers/STM32H7xx_HAL_Driver/Inc -I../../Drivers/STM32H7xx_HAL_Driver/Inc/Legacy -I../../Drivers/CMSIS/Device/ST/STM32H7xx/Include -I../../Drivers/CMSIS/Include -I../LWIP/App -I../LWIP/Target -I../../Middlewares/Third_Party/LwIP/src/include -I../../Middlewares/Third_Party/LwIP/system -I../../Drivers/BSP/Components/lan8742 -I../../Middlewares/Third_Party/LwIP/src/include/netif/ppp -I../../Middlewares/Third_Party/LwIP/src/include/lwip -I../../Middlewares/Third_Party/LwIP/src/include/lwip/apps -I../../Middlewares/Third_Party/LwIP/src/include/lwip/priv -I../../Middlewares/Third_Party/LwIP/src/include/lwip/prot -I../../Middlewares/Third_Party/LwIP/src/include/netif -I../../Middlewares/Third_Party/LwIP/src/include/compat/posix -I../../Middlewares/Third_Party/LwIP/src/include/compat/posix/arpa -I../../Middlewares/Third_Party/LwIP/src/include/compat/posix/net -I../../Middlewares/Third_Party/LwIP/src/include/compat/posix/sys -I../../Middlewares/Third_Party/LwIP/src/include/compat/stdc -I../../Middlewares/Third_Party/LwIP/system/arch -O0 -ffunction-sections -fdata-sections -Wall -fstack-usage -fcyclomatic-complexity -MMD -MP -MF"Core/Src/sysmem.d" -MT"Core/Src/sysmem.o" --specs=nano.specs -mfpu=fpv5-d16 -mfloat-abi=hard -mthumb -o "Core/Src/sysmem.o"
arm-none-eabi-gcc "C:/Users/Maciek/Desktop/Rozwoj/UDP_BRIDGE/UDP_BRIDGE/UDP_BRIDGE/STM32/UDP/Common/Src/system_stm32h7xx_dualcore_boot_cm4_cm7.c" -mcpu=cortex-m7 -std=gnu11 -g3 -DDEBUG -DCORE_CM7 -DUSE_HAL_DRIVER -DSTM32H745xx -c -I../Core/Inc -I../../Drivers/STM32H7xx_HAL_Driver/Inc -I../../Drivers/STM32H7xx_HAL_Driver/Inc/Legacy -I../../Drivers/CMSIS/Device/ST/STM32H7xx/Include -I../../Drivers/CMSIS/Include -I../LWIP/App -I../LWIP/Target -I../../Middlewares/Third_Party/LwIP/src/include -I../../Middlewares/Third_Party/LwIP/system -I../../Drivers/BSP/Components/lan8742 -I../../Middlewares/Third_Party/LwIP/src/include/netif/ppp -I../../Middlewares/Third_Party/LwIP/src/include/lwip -I../../Middlewares/Third_Party/LwIP/src/include/lwip/apps -I../../Middlewares/Third_Party/LwIP/src/include/lwip/priv -I../../Middlewares/Third_Party/LwIP/src/include/lwip/prot -I../../Middlewares/Third_Party/LwIP/src/include/netif -I../../Middlewares/Third_Party/LwIP/src/include/compat/posix -I../../Middlewares/Third_Party/LwIP/src/include/compat/posix/arpa -I../../Middlewares/Third_Party/LwIP/src/include/compat/posix/net -I../../Middlewares/Third_Party/LwIP/src/include/compat/posix/sys -I../../Middlewares/Third_Party/LwIP/src/include/compat/stdc -I../../Middlewares/Third_Party/LwIP/system/arch -O0 -ffunction-sections -fdata-sections -Wall -fstack-usage -fcyclomatic-complexity -MMD -MP -MF"Common/Src/system_stm32h7xx_dualcore_boot_cm4_cm7.d" -MT"Common/Src/system_stm32h7xx_dualcore_boot_cm4_cm7.o" --specs=nano.specs -mfpu=fpv5-d16 -mfloat-abi=hard -mthumb -o "Common/Src/system_stm32h7xx_dualcore_boot_cm4_cm7.o"
../Core/Src/main.c:55:13: warning: 'MPU_Initialize' declared 'static' but never defined [-Wunused-function]
   55 | static void MPU_Initialize(void);
      |             ^~~~~~~~~~~~~~
arm-none-eabi-gcc -o "UDP_CM7.elf" @"objects.list"   -mcpu=cortex-m7 -T"C:\Users\Maciek\Desktop\Rozwoj\UDP_BRIDGE\UDP_BRIDGE\UDP_BRIDGE\STM32\UDP\CM7\STM32H745ZITX_FLASH.ld" --specs=nosys.specs -Wl,-Map="UDP_CM7.map" -Wl,--gc-sections -static --specs=nano.specs -mfpu=fpv5-d16 -mfloat-abi=hard -mthumb -Wl,--start-group -lc -lm -Wl,--end-group
Finished building target: UDP_CM7.elf
 
arm-none-eabi-size   UDP_CM7.elf 
arm-none-eabi-objdump -h -S  UDP_CM7.elf  > "UDP_CM7.list"
   text	   data	    bss	    dec	    hex	filename
  74708	    156	  34092	 108956	  1a99c	UDP_CM7.elf
Finished building: default.size.stdout
 
Finished building: UDP_CM7.list
 
14:20:55 **** Incremental Build of configuration Debug for project UDP_CM7 ****
make -j16 all 
arm-none-eabi-size   UDP_CM7.elf 
   text	   data	    bss	    dec	    hex	filename
  74708	    156	  34092	 108956	  1a99c	UDP_CM7.elf
Finished building: default.size.stdout
 
14:21:22 **** Incremental Build of configuration Debug for project UDP_CM7 ****
make -j16 all 
arm-none-eabi-size   UDP_CM7.elf 
   text	   data	    bss	    dec	    hex	filename
  74708	    156	  34092	 108956	  1a99c	UDP_CM7.elf
Finished building: default.size.stdout
 
14:21:42 **** Incremental Build of configuration Debug for project UDP_CM7 ****
make -j16 all 
arm-none-eabi-size   UDP_CM7.elf 
   text	   data	    bss	    dec	    hex	filename
  74708	    156	  34092	 108956	  1a99c	UDP_CM7.elf
Finished building: default.size.stdout
 
14:22:41 **** Incremental Build of configuration Debug for project UDP_CM7 ****
make -j16 all 
arm-none-eabi-size   UDP_CM7.elf 
   text	   data	    bss	    dec	    hex	filename
  74708	    156	  34092	 108956	  1a99c	UDP_CM7.elf
Finished building: default.size.stdout
 
14:25:05 **** Incremental Build of configuration Debug for project UDP_CM7 ****
make -j16 all 
arm-none-eabi-size   UDP_CM7.elf 
   text	   data	    bss	    dec	    hex	filename
  74708	    156	  34092	 108956	  1a99c	UDP_CM7.elf
Finished building: default.size.stdout
 
