23:13:51 **** Incremental Build of configuration Debug for project STM32H745_Nucleo_M7_ETH_CM7 ****
make -j16 all 
arm-none-eabi-gcc "../Core/Src/udpserver.c" -mcpu=cortex-m7 -std=gnu11 -g3 -DDEBUG -DCORE_CM7 -DUSE_HAL_DRIVER -DSTM32H745xx -c -I../Core/Inc -I../../Drivers/STM32H7xx_HAL_Driver/Inc -I../../Drivers/STM32H7xx_HAL_Driver/Inc/Legacy -I../../Drivers/CMSIS/Device/ST/STM32H7xx/Include -I../../Drivers/CMSIS/Include -I../LWIP/App -I../LWIP/Target -I../../Middlewares/Third_Party/LwIP/src/include -I../../Middlewares/Third_Party/LwIP/system -I../../Middlewares/Third_Party/FreeRTOS/Source/include -I../../Middlewares/Third_Party/FreeRTOS/Source/CMSIS_RTOS_V2 -I../../Middlewares/Third_Party/FreeRTOS/Source/portable/GCC/ARM_CM4F -I../../Drivers/BSP/Components/lan8742 -I../../Middlewares/Third_Party/LwIP/src/include/netif/ppp -I../../Middlewares/Third_Party/LwIP/src/include/lwip -I../../Middlewares/Third_Party/LwIP/src/include/lwip/apps -I../../Middlewares/Third_Party/LwIP/src/include/lwip/priv -I../../Middlewares/Third_Party/LwIP/src/include/lwip/prot -I../../Middlewares/Third_Party/LwIP/src/include/netif -I../../Middlewares/Third_Party/LwIP/src/include/compat/posix -I../../Middlewares/Third_Party/LwIP/src/include/compat/posix/arpa -I../../Middlewares/Third_Party/LwIP/src/include/compat/posix/net -I../../Middlewares/Third_Party/LwIP/src/include/compat/posix/sys -I../../Middlewares/Third_Party/LwIP/src/include/compat/stdc -I../../Middlewares/Third_Party/LwIP/system/arch -O0 -ffunction-sections -fdata-sections -Wall -fstack-usage -MMD -MP -MF"Core/Src/udpserver.d" -MT"Core/Src/udpserver.o" --specs=nano.specs -mfpu=fpv5-d16 -mfloat-abi=hard -mthumb -o "Core/Src/udpserver.o"
arm-none-eabi-gcc -o "STM32H745_Nucleo_M7_ETH_CM7.elf" @"objects.list"   -mcpu=cortex-m7 -T"C:\Users\Maciek\Desktop\Rozwoj\UDP_BRIDGE\UDP_BRIDGE\UDP_BRIDGE\STM32\STM32H745_Nucleo_M7_ETH\CM7\STM32H745ZITX_FLASH.ld" --specs=nosys.specs -Wl,-Map="STM32H745_Nucleo_M7_ETH_CM7.map" -Wl,--gc-sections -static --specs=nano.specs -mfpu=fpv5-d16 -mfloat-abi=hard -mthumb -Wl,--start-group -lc -lm -Wl,--end-group
Finished building target: STM32H745_Nucleo_M7_ETH_CM7.elf
 
arm-none-eabi-size   STM32H745_Nucleo_M7_ETH_CM7.elf 
arm-none-eabi-objdump -h -S  STM32H745_Nucleo_M7_ETH_CM7.elf  > "STM32H745_Nucleo_M7_ETH_CM7.list"
   text	   data	    bss	    dec	    hex	filename
 121156	    172	 219695	 341023	  5341f	STM32H745_Nucleo_M7_ETH_CM7.elf
Finished building: default.size.stdout
 
Finished building: STM32H745_Nucleo_M7_ETH_CM7.list
 

23:13:53 Build Finished. 0 errors, 0 warnings. (took 1s.628ms)

